Component: ARM Compiler 5.06 update 6 (build 750) Tool: armlink [4d35ed]

==============================================================================

Section Cross References

    startup_stm32f407xx.o(STACK) refers (Special) to heapauxi.o(.text) for __use_two_region_memory
    startup_stm32f407xx.o(HEAP) refers (Special) to heapauxi.o(.text) for __use_two_region_memory
    startup_stm32f407xx.o(RESET) refers (Special) to heapauxi.o(.text) for __use_two_region_memory
    startup_stm32f407xx.o(RESET) refers to startup_stm32f407xx.o(STACK) for __initial_sp
    startup_stm32f407xx.o(RESET) refers to startup_stm32f407xx.o(.text) for Reset_Handler
    startup_stm32f407xx.o(RESET) refers to stm32f4xx_it.o(i.NMI_Handler) for NMI_Handler
    startup_stm32f407xx.o(RESET) refers to stm32f4xx_it.o(i.HardFault_Handler) for HardFault_Handler
    startup_stm32f407xx.o(RESET) refers to stm32f4xx_it.o(i.MemManage_Handler) for MemManage_Handler
    startup_stm32f407xx.o(RESET) refers to stm32f4xx_it.o(i.BusFault_Handler) for BusFault_Handler
    startup_stm32f407xx.o(RESET) refers to stm32f4xx_it.o(i.UsageFault_Handler) for UsageFault_Handler
    startup_stm32f407xx.o(RESET) refers to stm32f4xx_it.o(i.SVC_Handler) for SVC_Handler
    startup_stm32f407xx.o(RESET) refers to stm32f4xx_it.o(i.DebugMon_Handler) for DebugMon_Handler
    startup_stm32f407xx.o(RESET) refers to stm32f4xx_it.o(i.PendSV_Handler) for PendSV_Handler
    startup_stm32f407xx.o(RESET) refers to stm32f4xx_it.o(i.SysTick_Handler) for SysTick_Handler
    startup_stm32f407xx.o(RESET) refers to stm32f4xx_it.o(i.USART1_IRQHandler) for USART1_IRQHandler
    startup_stm32f407xx.o(RESET) refers to stm32f4xx_it.o(i.TIM5_IRQHandler) for TIM5_IRQHandler
    startup_stm32f407xx.o(RESET) refers to stm32f4xx_it.o(i.TIM6_DAC_IRQHandler) for TIM6_DAC_IRQHandler
    startup_stm32f407xx.o(.text) refers (Special) to heapauxi.o(.text) for __use_two_region_memory
    startup_stm32f407xx.o(.text) refers to system_stm32f4xx.o(i.SystemInit) for SystemInit
    startup_stm32f407xx.o(.text) refers to __main.o(!!!main) for __main
    startup_stm32f407xx.o(.text) refers to startup_stm32f407xx.o(HEAP) for Heap_Mem
    startup_stm32f407xx.o(.text) refers to startup_stm32f407xx.o(STACK) for Stack_Mem
    main.o(i.HAL_TIM_PeriodElapsedCallback) refers to move.o(i.Move_TIM_Callback) for Move_TIM_Callback
    main.o(i.HAL_UART_ErrorCallback) refers to move.o(i.Move_UART_ErrorCallback) for Move_UART_ErrorCallback
    main.o(i.HAL_UART_RxCpltCallback) refers to move.o(i.Move_UART_RxCpltCallback) for Move_UART_RxCpltCallback
    main.o(i._Z18SystemClock_Configv) refers to rt_memclr_w.o(.text) for __aeabi_memclr4
    main.o(i._Z18SystemClock_Configv) refers to stm32f4xx_hal_rcc.o(i.HAL_RCC_OscConfig) for HAL_RCC_OscConfig
    main.o(i._Z18SystemClock_Configv) refers to main.o(i.Error_Handler) for Error_Handler
    main.o(i._Z18SystemClock_Configv) refers to stm32f4xx_hal_rcc.o(i.HAL_RCC_ClockConfig) for HAL_RCC_ClockConfig
    main.o(i.main) refers to stm32f4xx_hal.o(i.HAL_Init) for HAL_Init
    main.o(i.main) refers to main.o(i._Z18SystemClock_Configv) for SystemClock_Config()
    main.o(i.main) refers to gpio.o(i.MX_GPIO_Init) for MX_GPIO_Init
    main.o(i.main) refers to tim.o(i.MX_TIM1_Init) for MX_TIM1_Init
    main.o(i.main) refers to tim.o(i.MX_TIM5_Init) for MX_TIM5_Init
    main.o(i.main) refers to usart.o(i.MX_USART1_UART_Init) for MX_USART1_UART_Init
    main.o(i.main) refers to i2c.o(i.MX_I2C1_Init) for MX_I2C1_Init
    main.o(i.main) refers to tim.o(i.MX_TIM2_Init) for MX_TIM2_Init
    main.o(i.main) refers to usart.o(i.MX_USART2_UART_Init) for MX_USART2_UART_Init
    main.o(i.main) refers to tim.o(i.MX_TIM3_Init) for MX_TIM3_Init
    main.o(i.main) refers to tim.o(i.MX_TIM4_Init) for MX_TIM4_Init
    main.o(i.main) refers to tim.o(i.MX_TIM8_Init) for MX_TIM8_Init
    main.o(i.main) refers to tim.o(i.MX_TIM6_Init) for MX_TIM6_Init
    main.o(i.main) refers to move.o(i.Move_Init) for Move_Init
    main.o(i.main) refers to armtask.o(i.ArmTask_Init) for ArmTask_Init
    main.o(i.main) refers to move.o(i.Move_Process) for Move_Process
    main.o(i.main) refers to armtask.o(i.ArmTask_Process) for ArmTask_Process
    main.o(.ARM.exidx) refers to main.o(i.Error_Handler) for i.Error_Handler
    main.o(.ARM.exidx) refers to main.o(i._Z18SystemClock_Configv) for i._Z18SystemClock_Configv
    main.o(.ARM.exidx) refers to main.o(i.main) for i.main
    main.o(.ARM.exidx) refers to main.o(i.HAL_TIM_PeriodElapsedCallback) for i.HAL_TIM_PeriodElapsedCallback
    main.o(.ARM.exidx) refers to main.o(i.HAL_UART_RxCpltCallback) for i.HAL_UART_RxCpltCallback
    main.o(.ARM.exidx) refers to main.o(i.HAL_UART_ErrorCallback) for i.HAL_UART_ErrorCallback
    gpio.o(i.MX_GPIO_Init) refers to rt_memclr_w.o(.text) for __aeabi_memclr4
    gpio.o(i.MX_GPIO_Init) refers to stm32f4xx_hal_gpio.o(i.HAL_GPIO_WritePin) for HAL_GPIO_WritePin
[...]
    HEAP                                     0x20000f20   Section      512  startup_stm32f407xx.o(HEAP)
    Heap_Mem                                 0x20000f20   Data         512  startup_stm32f407xx.o(HEAP)
    STACK                                    0x20001120   Section     1024  startup_stm32f407xx.o(STACK)
    Stack_Mem                                0x20001120   Data        1024  startup_stm32f407xx.o(STACK)
    __initial_sp                             0x20001520   Data           0  startup_stm32f407xx.o(STACK)

    Global Symbols

    Symbol Name                              Value     Ov Type        Size  Object(Section)

    BuildAttributes$$THM_ISAv4$E$P$D$K$B$S$7EM$VFPi3$EXTD16$VFPS$VFMA$PE$A:L22UL41UL21$X:L11$S22US41US21$IEEE1$IW$USESV6$~STKCKD$USESV7$~SHL$OTIME$ROPI$IEEEX$EBA8$UX$STANDARDLIB$REQ8$PRES8$EABIv2 0x00000000   Number         0  anon$$obj.o ABSOLUTE
    __ARM_use_no_argv                        0x00000000   Number         0  main.o ABSOLUTE
    _printf_flags                            0x00000000   Number         0  printf_stubs.o ABSOLUTE
    _printf_return_value                     0x00000000   Number         0  printf_stubs.o ABSOLUTE
    _printf_sizespec                         0x00000000   Number         0  printf_stubs.o ABSOLUTE
    _printf_widthprec                        0x00000000   Number         0  printf_stubs.o ABSOLUTE
    SHT$$ARM_EXIDX$$Base                      - Undefined Reference
    SHT$$ARM_EXIDX$$Limit                     - Undefined Reference
    __ARM_exceptions_init                     - Undefined Weak Reference
    __aeabi_unwind_cpp_pr1                    - Undefined Weak Reference
    __aeabi_unwind_cpp_pr2                    - Undefined Weak Reference
    __alloca_initialize                       - Undefined Weak Reference
    __arm_preinit_                            - Undefined Weak Reference
    __cxa_begin_cleanup                       - Undefined Weak Reference
    __cxa_call_unexpected                     - Undefined Weak Reference
    __cxa_finalize                            - Undefined Weak Reference
    __cxa_type_match                          - Undefined Weak Reference
    __sigvec_lookup                           - Undefined Weak Reference
    __user_heap_extent                        - Undefined Weak Reference
    _atexit_init                              - Undefined Weak Reference
    _call_atexit_fns                          - Undefined Weak Reference
    _clock_init                               - Undefined Weak Reference
    _fp_trap_init                             - Undefined Weak Reference
    _fp_trap_shutdown                         - Undefined Weak Reference
    _get_lc_collate                           - Undefined Weak Reference
    _get_lc_ctype                             - Undefined Weak Reference
    _get_lc_monetary                          - Undefined Weak Reference
    _get_lc_time                              - Undefined Weak Reference
    _getenv_init                              - Undefined Weak Reference
    _handle_redirection                       - Undefined Weak Reference
    _initio                                   - Undefined Weak Reference
    _mutex_acquire                            - Undefined Weak Reference
    _mutex_free                               - Undefined Weak Reference
    _mutex_release                            - Undefined Weak Reference
    _printf_truncate_signed                   - Undefined Weak Reference
    _printf_truncate_unsigned                 - Undefined Weak Reference
    _rand_init                                - Undefined Weak Reference
    _signal_finish                            - Undefined Weak Reference
    _signal_init                              - Undefined Weak Reference
    _terminateio                              - Undefined Weak Reference
    __Vectors_Size                           0x00000188   Number         0  startup_stm32f407xx.o ABSOLUTE
    __Vectors                                0x08000000   Data           4  startup_stm32f407xx.o(RESET)
    __Vectors_End                            0x08000188   Data           0  startup_stm32f407xx.o(RESET)
    __main                                   0x08000189   Thumb Code     8  __main.o(!!!main)
    __scatterload                            0x08000191   Thumb Code     0  __scatter.o(!!!scatter)
    __scatterload_rt2                        0x08000191   Thumb Code    44  __scatter.o(!!!scatter)
    __scatterload_rt2_thumb_only             0x08000191   Thumb Code     0  __scatter.o(!!!scatter)
    __scatterload_null                       0x0800019f   Thumb Code     0  __scatter.o(!!!scatter)
    __scatterload_copy                       0x080001c5   Thumb Code    26  __scatter_copy.o(!!handler_copy)
    __scatterload_zeroinit                   0x080001e1   Thumb Code    28  __scatter_zi.o(!!handler_zi)
    _printf_percent                          0x080001fd   Thumb Code     0  _printf_percent.o(.ARM.Collect$$_printf_percent$$00000000)
    _printf_u                                0x080001fd   Thumb Code     0  _printf_u.o(.ARM.Collect$$_printf_percent$$0000000A)
    _printf_percent_end                      0x08000203   Thumb Code     0  _printf_percent_end.o(.ARM.Collect$$_printf_percent$$00000017)
    __rt_lib_init                            0x08000207   Thumb Code     0  libinit.o(.ARM.Collect$$libinit$$00000000)
    __rt_lib_init_fp_1                       0x08000209   Thumb Code     0  libinit2.o(.ARM.Collect$$libinit$$00000001)
    __rt_lib_init_alloca_1                   0x0800020d   Thumb Code     0  libinit2.o(.ARM.Collect$$libinit$$0000002E)
    __rt_lib_init_argv_1                     0x0800020d   Thumb Code     0  libinit2.o(.ARM.Collect$$libinit$$0000002C)
    __rt_lib_init_atexit_1                   0x0800020d   Thumb Code     0  libinit2.o(.ARM.Collect$$libinit$$0000001B)
    __rt_lib_init_clock_1                    0x0800020d   Thumb Code     0  libinit2.o(.ARM.Collect$$libinit$$00000021)
    __rt_lib_init_cpp_2                      0x0800020d   Thumb Code     0  libinit2.o(.ARM.Collect$$libinit$$00000031)
    __rt_lib_init_exceptions_1               0x0800020d   Thumb Code     0  libinit2.o(.ARM.Collect$$libinit$$00000030)
    __rt_lib_init_fp_trap_1                  0x0800020d   Thumb Code     0  libinit2.o(.ARM.Collect$$libinit$$0000001F)
    __rt_lib_init_getenv_1                   0x0800020d   Thumb Code     0  libinit2.o(.ARM.Collect$$libinit$$00000023)
    __rt_lib_init_heap_1                     0x0800020d   Thumb Code     0  libinit2.o(.ARM.Collect$$libinit$$0000000A)
    __rt_lib_init_lc_collate_1               0x0800020d   Thumb Code     0  libinit2.o(.ARM.Collect$$libinit$$00000011)
    __rt_lib_init_lc_ctype_1                 0x0800020d   Thumb Code     0  libinit2.o(.ARM.Collect$$libinit$$00000013)
    __rt_lib_init_lc_monetary_1              0x0800020d   Thumb Code     0  libinit2.o(.ARM.Collect$$libinit$$00000015)
    __rt_lib_init_lc_numeric_1               0x0800020d   Thumb Code     0  libinit2.o(.ARM.Collect$$libinit$$00000017)
    __rt_lib_init_lc_time_1                  0x0800020d   Thumb Code     0  libinit2.o(.ARM.Collect$$libinit$$00000019)
    __rt_lib_init_preinit_1                  0x0800020d   Thumb Code     0  libinit2.o(.ARM.Collect$$libinit$$00000004)
    __rt_lib_init_rand_1                     0x0800020d   Thumb Code     0  libinit2.o(.ARM.Collect$$libinit$$0000000E)
    __rt_lib_init_signal_1                   0x0800020d   Thumb Code     0  libinit2.o(.ARM.Collect$$libinit$$0000001D)
    __rt_lib_init_stdio_1                    0x0800020d   Thumb Code     0  libinit2.o(.ARM.Collect$$libinit$$00000025)
    __rt_lib_init_user_alloc_1               0x0800020d   Thumb Code     0  libinit2.o(.ARM.Collect$$libinit$$0000000C)
    __rt_lib_init_cpp_1                      0x08000211   Thumb Code     0  libinit2.o(.ARM.Collect$$libinit$$00000032)
    __rt_lib_init_return                     0x08000211   Thumb Code     0  libinit2.o(.ARM.Collect$$libinit$$00000033)
    __rt_lib_shutdown                        0x08000213   Thumb Code     0  libshutdown.o(.ARM.Collect$$libshutdown$$00000000)
    __rt_lib_shutdown_cpp_1                  0x08000215   Thumb Code     0  libshutdown2.o(.ARM.Collect$$libshutdown$$00000002)
    __rt_lib_shutdown_fp_trap_1              0x08000215   Thumb Code     0  libshutdown2.o(.ARM.Collect$$libshutdown$$00000007)
    __rt_lib_shutdown_heap_1                 0x08000215   Thumb Code     0  libshutdown2.o(.ARM.Collect$$libshutdown$$0000000F)
    __rt_lib_shutdown_return                 0x08000215   Thumb Code     0  libshutdown2.o(.ARM.Collect$$libshutdown$$00000010)
    __rt_lib_shutdown_signal_1               0x08000215   Thumb Code     0  libshutdown2.o(.ARM.Collect$$libshutdown$$0000000A)
    __rt_lib_shutdown_stdio_1                0x08000215   Thumb Code     0  libshutdown2.o(.ARM.Collect$$libshutdown$$00000004)
    __rt_lib_shutdown_user_alloc_1           0x08000215   Thumb Code     0  libshutdown2.o(.ARM.Collect$$libshutdown$$0000000C)
    __rt_entry                               0x08000217   Thumb Code     0  __rtentry.o(.ARM.Collect$$rtentry$$00000000)
    __rt_entry_presh_1                       0x08000217   Thumb Code     0  __rtentry2.o(.ARM.Collect$$rtentry$$00000002)
    __rt_entry_sh                            0x08000217   Thumb Code     0  __rtentry4.o(.ARM.Collect$$rtentry$$00000004)
    __rt_entry_li                            0x0800021d   Thumb Code     0  __rtentry2.o(.ARM.Collect$$rtentry$$0000000A)
    __rt_entry_postsh_1                      0x0800021d   Thumb Code     0  __rtentry2.o(.ARM.Collect$$rtentry$$00000009)
    __rt_entry_main                          0x08000221   Thumb Code     0  __rtentry2.o(.ARM.Collect$$rtentry$$0000000D)
    __rt_entry_postli_1                      0x08000221   Thumb Code     0  __rtentry2.o(.ARM.Collect$$rtentry$$0000000C)
    __rt_exit                                0x08000229   Thumb Code     0  rtexit.o(.ARM.Collect$$rtexit$$00000000)
    __rt_exit_ls                             0x0800022b   Thumb Code     0  rtexit2.o(.ARM.Collect$$rtexit$$00000003)
    __rt_exit_prels_1                        0x0800022b   Thumb Code     0  rtexit2.o(.ARM.Collect$$rtexit$$00000002)
    __rt_exit_exit                           0x0800022f   Thumb Code     0  rtexit2.o(.ARM.Collect$$rtexit$$00000004)
    Reset_Handler                            0x08000235   Thumb Code     8  startup_stm32f407xx.o(.text)
    ADC_IRQHandler                           0x0800024f   Thumb Code     0  startup_stm32f407xx.o(.text)
    CAN1_RX0_IRQHandler                      0x0800024f   Thumb Code     0  startup_stm32f407xx.o(.text)
    CAN1_RX1_IRQHandler                      0x0800024f   Thumb Code     0  startup_stm32f407xx.o(.text)
    CAN1_SCE_IRQHandler                      0x0800024f   Thumb Code     0  startup_stm32f407xx.o(.text)
    CAN1_TX_IRQHandler                       0x0800024f   Thumb Code     0  startup_stm32f407xx.o(.text)
    CAN2_RX0_IRQHandler                      0x0800024f   Thumb Code     0  startup_stm32f407xx.o(.text)
    CAN2_RX1_IRQHandler                      0x0800024f   Thumb Code     0  startup_stm32f407xx.o(.text)
    CAN2_SCE_IRQHandler                      0x0800024f   Thumb Code     0  startup_stm32f407xx.o(.text)
    CAN2_TX_IRQHandler                       0x0800024f   Thumb Code     0  startup_stm32f407xx.o(.text)
    DCMI_IRQHandler                          0x0800024f   Thumb Code     0  startup_stm32f407xx.o(.text)
    DMA1_Stream0_IRQHandler                  0x0800024f   Thumb Code     0  startup_stm32f407xx.o(.text)
    DMA1_Stream1_IRQHandler                  0x0800024f   Thumb Code     0  startup_stm32f407xx.o(.text)
    DMA1_Stream2_IRQHandler                  0x0800024f   Thumb Code     0  startup_stm32f407xx.o(.text)
    DMA1_Stream3_IRQHandler                  0x0800024f   Thumb Code     0  startup_stm32f407xx.o(.text)
    DMA1_Stream4_IRQHandler                  0x0800024f   Thumb Code     0  startup_stm32f407xx.o(.text)
    DMA1_Stream5_IRQHandler                  0x0800024f   Thumb Code     0  startup_stm32f407xx.o(.text)
    DMA1_Stream6_IRQHandler                  0x0800024f   Thumb Code     0  startup_stm32f407xx.o(.text)
    DMA1_Stream7_IRQHandler                  0x0800024f   Thumb Code     0  startup_stm32f407xx.o(.text)
    DMA2_Stream0_IRQHandler                  0x0800024f   Thumb Code     0  startup_stm32f407xx.o(.text)
    DMA2_Stream1_IRQHandler                  0x0800024f   Thumb Code     0  startup_stm32f407xx.o(.text)
    DMA2_Stream2_IRQHandler                  0x0800024f   Thumb Code     0  startup_stm32f407xx.o(.text)
    DMA2_Stream3_IRQHandler                  0x0800024f   Thumb Code     0  startup_stm32f407xx.o(.text)
    DMA2_Stream4_IRQHandler                  0x0800024f   Thumb Code     0  startup_stm32f407xx.o(.text)
    DMA2_Stream5_IRQHandler                  0x0800024f   Thumb Code     0  startup_stm32f407xx.o(.text)
    DMA2_Stream6_IRQHandler                  0x0800024f   Thumb Code     0  startup_stm32f407xx.o(.text)
    DMA2_Stream7_IRQHandler                  0x0800024f   Thumb Code     0  startup_stm32f407xx.o(.text)
    ETH_IRQHandler                           0x0800024f   Thumb Code     0  startup_stm32f407xx.o(.text)
    ETH_WKUP_IRQHandler                      0x0800024f   Thumb Code     0  startup_stm32f407xx.o(.text)
    EXTI0_IRQHandler                         0x0800024f   Thumb Code     0  startup_stm32f407xx.o(.text)
    EXTI15_10_IRQHandler                     0x0800024f   Thumb Code     0  startup_stm32f407xx.o(.text)
    EXTI1_IRQHandler                         0x0800024f   Thumb Code     0  startup_stm32f407xx.o(.text)
    EXTI2_IRQHandler                         0x0800024f   Thumb Code     0  startup_stm32f407xx.o(.text)
    EXTI3_IRQHandler                         0x0800024f   Thumb Code     0  startup_stm32f407xx.o(.text)
    EXTI4_IRQHandler                         0x0800024f   Thumb Code     0  startup_stm32f407xx.o(.text)
    EXTI9_5_IRQHandler                       0x0800024f   Thumb Code     0  startup_stm32f407xx.o(.text)
    FLASH_IRQHandler                         0x0800024f   Thumb Code     0  startup_stm32f407xx.o(.text)
    FMC_IRQHandler                           0x0800024f   Thumb Code     0  startup_stm32f407xx.o(.text)
    FPU_IRQHandler                           0x0800024f   Thumb Code     0  startup_stm32f407xx.o(.text)
    HASH_RNG_IRQHandler                      0x0800024f   Thumb Code     0  startup_stm32f407xx.o(.text)
    I2C1_ER_IRQHandler                       0x0800024f   Thumb Code     0  startup_stm32f407xx.o(.text)
    I2C1_EV_IRQHandler                       0x0800024f   Thumb Code     0  startup_stm32f407xx.o(.text)
    I2C2_ER_IRQHandler                       0x0800024f   Thumb Code     0  startup_stm32f407xx.o(.text)
    I2C2_EV_IRQHandler                       0x0800024f   Thumb Code     0  startup_stm32f407xx.o(.text)
    I2C3_ER_IRQHandler                       0x0800024f   Thumb Code     0  startup_stm32f407xx.o(.text)
    I2C3_EV_IRQHandler                       0x0800024f   Thumb Code     0  startup_stm32f407xx.o(.text)
    OTG_FS_IRQHandler                        0x0800024f   Thumb Code     0  startup_stm32f407xx.o(.text)
    OTG_FS_WKUP_IRQHandler                   0x0800024f   Thumb Code     0  startup_stm32f407xx.o(.text)
    OTG_HS_EP1_IN_IRQHandler                 0x0800024f   Thumb Code     0  startup_stm32f407xx.o(.text)
    OTG_HS_EP1_OUT_IRQHandler                0x0800024f   Thumb Code     0  startup_stm32f407xx.o(.text)
    OTG_HS_IRQHandler                        0x0800024f   Thumb Code     0  startup_stm32f407xx.o(.text)
    OTG_HS_WKUP_IRQHandler                   0x0800024f   Thumb Code     0  startup_stm32f407xx.o(.text)
    PVD_IRQHandler                           0x0800024f   Thumb Code     0  startup_stm32f407xx.o(.text)
    RCC_IRQHandler                           0x0800024f   Thumb Code     0  startup_stm32f407xx.o(.text)
    RTC_Alarm_IRQHandler                     0x0800024f   Thumb Code     0  startup_stm32f407xx.o(.text)
    RTC_WKUP_IRQHandler                      0x0800024f   Thumb Code     0  startup_stm32f407xx.o(.text)
    SDIO_IRQHandler                          0x0800024f   Thumb Code     0  startup_stm32f407xx.o(.text)
    SPI1_IRQHandler                          0x0800024f   Thumb Code     0  startup_stm32f407xx.o(.text)
    SPI2_IRQHandler                          0x0800024f   Thumb Code     0  startup_stm32f407xx.o(.text)
    SPI3_IRQHandler                          0x0800024f   Thumb Code     0  startup_stm32f407xx.o(.text)
    TAMP_STAMP_IRQHandler                    0x0800024f   Thumb Code     0  startup_stm32f407xx.o(.text)
    TIM1_BRK_TIM9_IRQHandler                 0x0800024f   Thumb Code     0  startup_stm32f407xx.o(.text)
    TIM1_CC_IRQHandler                       0x0800024f   Thumb Code     0  startup_stm32f407xx.o(.text)
    TIM1_TRG_COM_TIM11_IRQHandler            0x0800024f   Thumb Code     0  startup_stm32f407xx.o(.text)
    TIM1_UP_TIM10_IRQHandler                 0x0800024f   Thumb Code     0  startup_stm32f407xx.o(.text)
    TIM2_IRQHandler                          0x0800024f   Thumb Code     0  startup_stm32f407xx.o(.text)
    TIM3_IRQHandler                          0x0800024f   Thumb Code     0  startup_stm32f407xx.o(.text)
    TIM4_IRQHandler                          0x0800024f   Thumb Code     0  startup_stm32f407xx.o(.text)
    TIM7_IRQHandler                          0x0800024f   Thumb Code     0  startup_stm32f407xx.o(.text)
    TIM8_BRK_TIM12_IRQHandler                0x0800024f   Thumb Code     0  startup_stm32f407xx.o(.text)
    TIM8_CC_IRQHandler                       0x0800024f   Thumb Code     0  startup_stm32f407xx.o(.text)
    TIM8_TRG_COM_TIM14_IRQHandler            0x0800024f   Thumb Code     0  startup_stm32f407xx.o(.text)
    TIM8_UP_TIM13_IRQHandler                 0x0800024f   Thumb Code     0  startup_stm32f407xx.o(.text)
    UART4_IRQHandler                         0x0800024f   Thumb Code     0  startup_stm32f407xx.o(.text)
    UART5_IRQHandler                         0x0800024f   Thumb Code     0  startup_stm32f407xx.o(.text)
    USART2_IRQHandler                        0x0800024f   Thumb Code     0  startup_stm32f407xx.o(.text)
    USART3_IRQHandler                        0x0800024f   Thumb Code     0  startup_stm32f407xx.o(.text)
    USART6_IRQHandler                        0x0800024f   Thumb Code     0  startup_stm32f407xx.o(.text)
    WWDG_IRQHandler                          0x0800024f   Thumb Code     0  startup_stm32f407xx.o(.text)
    __user_initial_stackheap                 0x08000251   Thumb Code     0  startup_stm32f407xx.o(.text)
    __aeabi_uldivmod                         0x08000275   Thumb Code     0  lludivv7m.o(.text)
    _ll_udiv                                 0x08000275   Thumb Code   238  lludivv7m.o(.text)
    __2snprintf                              0x08000365   Thumb Code    50  __2snprintf.o(.text)
    _printf_pre_padding                      0x0800039d   Thumb Code    44  _printf_pad.o(.text)
    _printf_post_padding                     0x080003c9   Thumb Code    34  _printf_pad.o(.text)
    _printf_int_dec                          0x080003ed   Thumb Code   104  _printf_dec.o(.text)
    __printf                                 0x08000465   Thumb Code   308  __printf_flags_wp.o(.text)
    strlen                                   0x0800059d   Thumb Code    62  strlen.o(.text)
    __aeabi_memcpy4                          0x080005db   Thumb Code     0  rt_memcpy_w.o(.text)
    __aeabi_memcpy8                          0x080005db   Thumb Code     0  rt_memcpy_w.o(.text)
    __rt_memcpy_w                            0x080005db   Thumb Code   100  rt_memcpy_w.o(.text)
    _memcpy_lastbytes_aligned                0x08000623   Thumb Code     0  rt_memcpy_w.o(.text)
    __aeabi_memclr                           0x0800063f   Thumb Code     0  rt_memclr.o(.text)
    __rt_memclr                              0x0800063f   Thumb Code    68  rt_memclr.o(.text)
    _memset                                  0x08000643   Thumb Code     0  rt_memclr.o(.text)
    __aeabi_memclr4                          0x08000683   Thumb Code     0  rt_memclr_w.o(.text)
    __aeabi_memclr8                          0x08000683   Thumb Code     0  rt_memclr_w.o(.text)
    __rt_memclr_w                            0x08000683   Thumb Code    78  rt_memclr_w.o(.text)
    _memset_w                                0x08000687   Thumb Code     0  rt_memclr_w.o(.text)
    __use_two_region_memory                  0x080006d1   Thumb Code     2  heapauxi.o(.text)
    __rt_heap_escrow                         0x080006d3   Thumb Code     2  heapauxi.o(.text)
    __rt_heap_expand                         0x080006d5   Thumb Code     2  heapauxi.o(.text)
    __cpp_initialize__aeabi_                 0x080006d9   Thumb Code    26  init_aeabi.o(.text)
    __read_errno                             0x080006fd   Thumb Code    10  _rserrno.o(.text)
    __set_errno                              0x08000707   Thumb Code    12  _rserrno.o(.text)
    _printf_int_common                       0x08000713   Thumb Code   178  _printf_intcommon.o(.text)
    _printf_char_common                      0x080007cf   Thumb Code    32  _printf_char_common.o(.text)
    _sputc                                   0x080007f5   Thumb Code    10  _sputc.o(.text)
    _snputc                                  0x080007ff   Thumb Code    16  _snputc.o(.text)
    __aeabi_errno_addr                       0x08000811   Thumb Code     8  rt_errno_addr_intlibspace.o(.text)
    __errno$intlibspace                      0x08000811   Thumb Code     0  rt_errno_addr_intlibspace.o(.text)
    __rt_errno_addr$intlibspace              0x08000811   Thumb Code     0  rt_errno_addr_intlibspace.o(.text)
    __user_libspace                          0x08000819   Thumb Code     8  libspace.o(.text)
    __user_perproc_libspace                  0x08000819   Thumb Code     0  libspace.o(.text)
    __user_perthread_libspace                0x08000819   Thumb Code     0  libspace.o(.text)
    __user_setup_stackheap                   0x08000821   Thumb Code    74  sys_stackheap_outer.o(.text)
    exit                                     0x0800086b   Thumb Code    18  exit.o(.text)
    _sys_exit                                0x0800087d   Thumb Code     8  sys_exit.o(.text)
    __I$use$semihosting                      0x08000889   Thumb Code     0  use_no_semi.o(.text)
    __use_no_semihosting_swi                 0x08000889   Thumb Code     2  use_no_semi.o(.text)
    __semihosting_library_function           0x0800088b   Thumb Code     0  indicate_semi.o(.text)
    ArmTask_Init                             0x0800088d   Thumb Code    20  armtask.o(i.ArmTask_Init)
    ArmTask_Process                          0x080008b9   Thumb Code   170  armtask.o(i.ArmTask_Process)
    Arm_Init                                 0x080009e5   Thumb Code   306  arm.o(i.Arm_Init)
    Arm_IsBuildBusy                          0x08000b55   Thumb Code     6  arm.o(i.Arm_IsBuildBusy)
    Arm_IsBusy                               0x08000b61   Thumb Code     6  arm.o(i.Arm_IsBusy)
    Arm_MoveServoTo                          0x08000b6d   Thumb Code   240  arm.o(i.Arm_MoveServoTo)
    Arm_Process                              0x08000c69   Thumb Code   358  arm.o(i.Arm_Process)
    Arm_StartBuild                           0x08000de5   Thumb Code    52  arm.o(i.Arm_StartBuild)
    Arm_StartGrab                            0x08000e29   Thumb Code    46  arm.o(i.Arm_StartGrab)
    Arm_Stop                                 0x08000e69   Thumb Code    60  arm.o(i.Arm_Stop)
    Arm_TakeBuildFinished                    0x08000ec1   Thumb Code    12  arm.o(i.Arm_TakeBuildFinished)
    Arm_TakeFinished                         0x08000ed1   Thumb Code    12  arm.o(i.Arm_TakeFinished)
    BusFault_Handler                         0x08000ee1   Thumb Code     4  stm32f4xx_it.o(i.BusFault_Handler)
    BusServo_Init                            0x08000ee5   Thumb Code     6  busservo.o(i.BusServo_Init)
    BusServo_SetAngle                        0x08000ef1   Thumb Code   136  busservo.o(i.BusServo_SetAngle)
    Community_ClearQueue                     0x08000f91   Thumb Code    26  community.o(i.Community_ClearQueue)
    Community_ClearStopRequest               0x08000fbd   Thumb Code     8  community.o(i.Community_ClearStopRequest)
    Community_Init                           0x08000fc9   Thumb Code    52  community.o(i.Community_Init)
    Community_IsStopRequested                0x0800101d   Thumb Code     6  community.o(i.Community_IsStopRequested)
    Community_PopMission                     0x08001029   Thumb Code    76  community.o(i.Community_PopMission)
    Community_PushMission                    0x08001081   Thumb Code    78  community.o(i.Community_PushMission)
    Community_RestartReceive                 0x080010dd   Thumb Code    14  community.o(i.Community_RestartReceive)
    Community_RxByte                         0x080010f5   Thumb Code   200  community.o(i.Community_RxByte)
    Community_SendArmFinish                  0x080011d1   Thumb Code    10  community.o(i.Community_SendArmFinish)
    Community_SendDebugString                0x080011dd   Thumb Code    32  community.o(i.Community_SendDebugString)
    Community_SendFinish                     0x08001201   Thumb Code    20  community.o(i.Community_SendFinish)
    Community_SendSimpleFrame                0x08001219   Thumb Code    32  community.o(i.Community_SendSimpleFrame)
    Community_SetAckEnable                   0x0800123d   Thumb Code    14  community.o(i.Community_SetAckEnable)
    Community_TakeArmBuildRequest            0x08001251   Thumb Code    12  community.o(i.Community_TakeArmBuildRequest)
    Community_TakeArmGrabRequest             0x08001261   Thumb Code    12  community.o(i.Community_TakeArmGrabRequest)
    DebugMon_Handler                         0x08001271   Thumb Code     2  stm32f4xx_it.o(i.DebugMon_Handler)
    Error_Handler                            0x08001273   Thumb Code     6  main.o(i.Error_Handler)
    HAL_DMA_Abort                            0x08001279   Thumb Code   172  stm32f4xx_hal_dma.o(i.HAL_DMA_Abort)
    HAL_DMA_Abort_IT                         0x08001325   Thumb Code    40  stm32f4xx_hal_dma.o(i.HAL_DMA_Abort_IT)
    HAL_Delay                                0x0800134d   Thumb Code    36  stm32f4xx_hal.o(i.HAL_Delay)
    HAL_GPIO_Init                            0x08001375   Thumb Code   454  stm32f4xx_hal_gpio.o(i.HAL_GPIO_Init)
    HAL_GPIO_WritePin                        0x08001569   Thumb Code    12  stm32f4xx_hal_gpio.o(i.HAL_GPIO_WritePin)
    HAL_GetTick                              0x08001575   Thumb Code     6  stm32f4xx_hal.o(i.HAL_GetTick)
    HAL_I2C_Init                             0x08001581   Thumb Code   446  stm32f4xx_hal_i2c.o(i.HAL_I2C_Init)
    HAL_I2C_MspInit                          0x08001751   Thumb Code   122  i2c.o(i.HAL_I2C_MspInit)
    HAL_IncTick                              0x080017d9   Thumb Code    16  stm32f4xx_hal.o(i.HAL_IncTick)
    HAL_Init                                 0x080017f1   Thumb Code    54  stm32f4xx_hal.o(i.HAL_Init)
    HAL_InitTick                             0x0800182d   Thumb Code    64  stm32f4xx_hal.o(i.HAL_InitTick)
    HAL_MspInit                              0x08001879   Thumb Code    68  stm32f4xx_hal_msp.o(i.HAL_MspInit)
    HAL_NVIC_EnableIRQ                       0x080018c1   Thumb Code    40  stm32f4xx_hal_cortex.o(i.HAL_NVIC_EnableIRQ)
    HAL_NVIC_SetPriority                     0x080018e9   Thumb Code   124  stm32f4xx_hal_cortex.o(i.HAL_NVIC_SetPriority)
    HAL_NVIC_SetPriorityGrouping             0x08001965   Thumb Code    32  stm32f4xx_hal_cortex.o(i.HAL_NVIC_SetPriorityGrouping)
    HAL_RCC_ClockConfig                      0x0800198d   Thumb Code   368  stm32f4xx_hal_rcc.o(i.HAL_RCC_ClockConfig)
    HAL_RCC_GetHCLKFreq                      0x08001b11   Thumb Code     6  stm32f4xx_hal_rcc.o(i.HAL_RCC_GetHCLKFreq)
    HAL_RCC_GetPCLK1Freq                     0x08001b1d   Thumb Code    22  stm32f4xx_hal_rcc.o(i.HAL_RCC_GetPCLK1Freq)
    HAL_RCC_GetPCLK2Freq                     0x08001b3d   Thumb Code    22  stm32f4xx_hal_rcc.o(i.HAL_RCC_GetPCLK2Freq)
    HAL_RCC_GetSysClockFreq                  0x08001b5d   Thumb Code   162  stm32f4xx_hal_rcc.o(i.HAL_RCC_GetSysClockFreq)
    HAL_RCC_OscConfig                        0x08001c0d   Thumb Code  1172  stm32f4xx_hal_rcc.o(i.HAL_RCC_OscConfig)
    HAL_SYSTICK_Config                       0x080020a9   Thumb Code    52  stm32f4xx_hal_cortex.o(i.HAL_SYSTICK_Config)
    HAL_TIMEx_BreakCallback                  0x080020dd   Thumb Code     2  stm32f4xx_hal_tim_ex.o(i.HAL_TIMEx_BreakCallback)
    HAL_TIMEx_CommutCallback                 0x080020df   Thumb Code     2  stm32f4xx_hal_tim_ex.o(i.HAL_TIMEx_CommutCallback)
    HAL_TIMEx_ConfigBreakDeadTime            0x080020e1   Thumb Code   116  stm32f4xx_hal_tim_ex.o(i.HAL_TIMEx_ConfigBreakDeadTime)
    HAL_TIMEx_MasterConfigSynchronization    0x08002155   Thumb Code   150  stm32f4xx_hal_tim_ex.o(i.HAL_TIMEx_MasterConfigSynchronization)
    HAL_TIM_Base_Init                        0x08002209   Thumb Code   102  stm32f4xx_hal_tim.o(i.HAL_TIM_Base_Init)
    HAL_TIM_Base_MspInit                     0x08002271   Thumb Code   168  tim.o(i.HAL_TIM_Base_MspInit)
    HAL_TIM_Base_Start_IT                    0x08002329   Thumb Code   138  stm32f4xx_hal_tim.o(i.HAL_TIM_Base_Start_IT)
    HAL_TIM_ConfigClockSource                0x080023d1   Thumb Code   268  stm32f4xx_hal_tim.o(i.HAL_TIM_ConfigClockSource)
    HAL_TIM_Encoder_Init                     0x080024dd   Thumb Code   200  stm32f4xx_hal_tim.o(i.HAL_TIM_Encoder_Init)
    HAL_TIM_Encoder_MspInit                  0x080025a5   Thumb Code   504  tim.o(i.HAL_TIM_Encoder_MspInit)
    HAL_TIM_Encoder_Start                    0x080027bd   Thumb Code   204  stm32f4xx_hal_tim.o(i.HAL_TIM_Encoder_Start)
    HAL_TIM_IC_CaptureCallback               0x08002889   Thumb Code     2  stm32f4xx_hal_tim.o(i.HAL_TIM_IC_CaptureCallback)
    HAL_TIM_IRQHandler                       0x0800288b   Thumb Code   364  stm32f4xx_hal_tim.o(i.HAL_TIM_IRQHandler)
    HAL_TIM_MspPostInit                      0x080029f9   Thumb Code   154  tim.o(i.HAL_TIM_MspPostInit)
    HAL_TIM_OC_DelayElapsedCallback          0x08002aa9   Thumb Code     2  stm32f4xx_hal_tim.o(i.HAL_TIM_OC_DelayElapsedCallback)
    HAL_TIM_PWM_ConfigChannel                0x08002aab   Thumb Code   260  stm32f4xx_hal_tim.o(i.HAL_TIM_PWM_ConfigChannel)
    HAL_TIM_PWM_Init                         0x08002baf   Thumb Code   102  stm32f4xx_hal_tim.o(i.HAL_TIM_PWM_Init)
    HAL_TIM_PWM_MspInit                      0x08002c15   Thumb Code     2  stm32f4xx_hal_tim.o(i.HAL_TIM_PWM_MspInit)
    HAL_TIM_PWM_PulseFinishedCallback        0x08002c17   Thumb Code     2  stm32f4xx_hal_tim.o(i.HAL_TIM_PWM_PulseFinishedCallback)
    HAL_TIM_PWM_Start                        0x08002c19   Thumb Code   238  stm32f4xx_hal_tim.o(i.HAL_TIM_PWM_Start)
    HAL_TIM_PeriodElapsedCallback            0x08002d25   Thumb Code    12  main.o(i.HAL_TIM_PeriodElapsedCallback)
    HAL_TIM_TriggerCallback                  0x08002d31   Thumb Code     2  stm32f4xx_hal_tim.o(i.HAL_TIM_TriggerCallback)
    HAL_UARTEx_RxEventCallback               0x08002d33   Thumb Code     2  stm32f4xx_hal_uart.o(i.HAL_UARTEx_RxEventCallback)
    HAL_UART_ErrorCallback                   0x08002d35   Thumb Code    12  main.o(i.HAL_UART_ErrorCallback)
    HAL_UART_IRQHandler                      0x08002d41   Thumb Code   772  stm32f4xx_hal_uart.o(i.HAL_UART_IRQHandler)
    HAL_UART_Init                            0x08003049   Thumb Code   118  stm32f4xx_hal_uart.o(i.HAL_UART_Init)
    HAL_UART_MspInit                         0x080030c1   Thumb Code   250  usart.o(i.HAL_UART_MspInit)
    HAL_UART_Receive_IT                      0x080031cd   Thumb Code    44  stm32f4xx_hal_uart.o(i.HAL_UART_Receive_IT)
    HAL_UART_RxCpltCallback                  0x080031f9   Thumb Code    12  main.o(i.HAL_UART_RxCpltCallback)
    HAL_UART_Transmit                        0x08003205   Thumb Code   190  stm32f4xx_hal_uart.o(i.HAL_UART_Transmit)
    HAL_UART_TxCpltCallback                  0x080032c3   Thumb Code     2  stm32f4xx_hal_uart.o(i.HAL_UART_TxCpltCallback)
    HardFault_Handler                        0x080032c5   Thumb Code     4  stm32f4xx_it.o(i.HardFault_Handler)
    MX_GPIO_Init                             0x080032c9   Thumb Code   288  gpio.o(i.MX_GPIO_Init)
    MX_I2C1_Init                             0x080033f9   Thumb Code    48  i2c.o(i.MX_I2C1_Init)
    MX_TIM1_Init                             0x08003435   Thumb Code   254  tim.o(i.MX_TIM1_Init)
    MX_TIM2_Init                             0x0800353d   Thumb Code   120  tim.o(i.MX_TIM2_Init)
    MX_TIM3_Init                             0x080035b9   Thumb Code   120  tim.o(i.MX_TIM3_Init)
    MX_TIM4_Init                             0x08003639   Thumb Code   120  tim.o(i.MX_TIM4_Init)
    MX_TIM5_Init                             0x080036b9   Thumb Code   170  tim.o(i.MX_TIM5_Init)
    MX_TIM6_Init                             0x0800376d   Thumb Code    66  tim.o(i.MX_TIM6_Init)
    MX_TIM8_Init                             0x080037b9   Thumb Code   122  tim.o(i.MX_TIM8_Init)
    MX_USART1_UART_Init                      0x0800383d   Thumb Code    46  usart.o(i.MX_USART1_UART_Init)
    MX_USART2_UART_Init                      0x08003875   Thumb Code    46  usart.o(i.MX_USART2_UART_Init)
    MemManage_Handler                        0x080038ad   Thumb Code     4  stm32f4xx_it.o(i.MemManage_Handler)
    Mission_Queue                            0x080038b1   Thumb Code    12  community.o(i.Mission_Queue)
    Move_Init                                0x080038bd   Thumb Code   172  move.o(i.Move_Init)
    Move_Process                             0x08003995   Thumb Code   180  move.o(i.Move_Process)
    Move_TIM_Callback                        0x08003a99   Thumb Code   102  move.o(i.Move_TIM_Callback)
    Move_UART_ErrorCallback                  0x08003b15   Thumb Code    24  move.o(i.Move_UART_ErrorCallback)
    Move_UART_RxCpltCallback                 0x08003b31   Thumb Code    24  move.o(i.Move_UART_RxCpltCallback)
    NMI_Handler                              0x08003b4d   Thumb Code     4  stm32f4xx_it.o(i.NMI_Handler)
    PendSV_Handler                           0x08003b51   Thumb Code     2  stm32f4xx_it.o(i.PendSV_Handler)
    Receive_Analyse                          0x08003b55   Thumb Code    16  community.o(i.Receive_Analyse)
    SVC_Handler                              0x08003b69   Thumb Code     2  stm32f4xx_it.o(i.SVC_Handler)
    SysTick_Handler                          0x08003b6b   Thumb Code     8  stm32f4xx_it.o(i.SysTick_Handler)
    SystemInit                               0x08003b75   Thumb Code    14  system_stm32f4xx.o(i.SystemInit)
    TIM5_IRQHandler                          0x08003b89   Thumb Code    10  stm32f4xx_it.o(i.TIM5_IRQHandler)
    TIM6_DAC_IRQHandler                      0x08003b99   Thumb Code    10  stm32f4xx_it.o(i.TIM6_DAC_IRQHandler)
    TIM_Base_SetConfig                       0x08003ba9   Thumb Code   178  stm32f4xx_hal_tim.o(i.TIM_Base_SetConfig)
    TIM_CCxChannelCmd                        0x08003c89   Thumb Code    34  stm32f4xx_hal_tim.o(i.TIM_CCxChannelCmd)
    TIM_ETR_SetConfig                        0x08003cab   Thumb Code    22  stm32f4xx_hal_tim.o(i.TIM_ETR_SetConfig)
    TIM_OC2_SetConfig                        0x08003cc1   Thumb Code   114  stm32f4xx_hal_tim.o(i.TIM_OC2_SetConfig)
    UART_Start_Receive_IT                    0x08003d3d   Thumb Code    64  stm32f4xx_hal_uart.o(i.UART_Start_Receive_IT)
    USART1_IRQHandler                        0x08003d7d   Thumb Code    10  stm32f4xx_it.o(i.USART1_IRQHandler)
    UsageFault_Handler                       0x08003d8d   Thumb Code     4  stm32f4xx_it.o(i.UsageFault_Handler)
    SystemClock_Config()                     0x08003d91   Thumb Code   170  main.o(i._Z18SystemClock_Configv)
    Class_Motor::Set_Rotate_Direction_Flag(Enum_Rotate_Direction) 0x08003e45   Thumb Code     6  motor.o(i._ZN11Class_Motor25Set_Rotate_Direction_FlagE21Enum_Rotate_Direction)
    Class_Motor::Output()                    0x08003e4b   Thumb Code   160  motor.o(i._ZN11Class_Motor6OutputEv)
    Class_Motor::Set_Out(int)                0x08003eeb   Thumb Code     4  motor.o(i._ZN11Class_Motor7Set_OutEi)
    Class_Chassis::Set_add_rad(float, float, float) 0x08003ef1   Thumb Code   222  chassis.o(i._ZN13Class_Chassis11Set_add_radEfff)
    Class_Chassis::Set_Velocity(SpeedTypeDef) 0x08003fd5   Thumb Code    22  chassis.o(i._ZN13Class_Chassis12Set_VelocityE12SpeedTypeDef)
    Class_Chassis::Set_Control_Method(Enum_Control_Method) 0x08003feb   Thumb Code    50  chassis.o(i._ZN13Class_Chassis18Set_Control_MethodE19Enum_Control_Method)
    Class_Chassis::Calculate_TIM_PeriodElapsedCallback() 0x0800401d   Thumb Code   252  chassis.o(i._ZN13Class_Chassis35Calculate_TIM_PeriodElapsedCallbackEv)
    Class_Chassis::Init(TIM_HandleTypeDef)   0x08004121   Thumb Code   768  chassis.o(i._ZN13Class_Chassis4InitE17TIM_HandleTypeDef)
    Class_Chassis::Class_Chassis()           0x08004451   Thumb Code    82  move.o(i._ZN13Class_ChassisC1Ev)
    Class_Chassis::Class_Chassis__sub_object() 0x08004451   Thumb Code     0  move.o(i._ZN13Class_ChassisC1Ev)
    Class_Motor_With_Hall_Encoder::Get_Angle_Now() 0x08005029   Thumb Code     6  motor.o(i._ZN29Class_Motor_With_Hall_Encoder13Get_Angle_NowEv)
    Class_Motor_With_Hall_Encoder::Get_Omega_Now() 0x0800502f   Thumb Code     6  motor.o(i._ZN29Class_Motor_With_Hall_Encoder13Get_Omega_NowEv)
    Class_Motor_With_Hall_Encoder::Get_Angle_Target() 0x08005035   Thumb Code     6  motor.o(i._ZN29Class_Motor_With_Hall_Encoder16Get_Angle_TargetEv)
    Class_Motor_With_Hall_Encoder::Set_Angle_Target(float) 0x0800503b   Thumb Code     6  motor.o(i._ZN29Class_Motor_With_Hall_Encoder16Set_Angle_TargetEf)
    Class_Motor_With_Hall_Encoder::Set_Omega_Target(float) 0x08005041   Thumb Code     6  motor.o(i._ZN29Class_Motor_With_Hall_Encoder16Set_Omega_TargetEf)
    Class_Motor_With_Hall_Encoder::Set_Control_Method(Enum_Control_Method) 0x08005047   Thumb Code     6  motor.o(i._ZN29Class_Motor_With_Hall_Encoder18Set_Control_MethodE19Enum_Control_Method)
    Class_Motor_With_Hall_Encoder::Calculate_TIM_PeriodElapsedCallback() 0x0800504d   Thumb Code   606  motor.o(i._ZN29Class_Motor_With_Hall_Encoder35Calculate_TIM_PeriodElapsedCallbackEv)
    Class_Motor_With_Hall_Encoder::Init(TIM_HandleTypeDef, unsigned char, unsigned short, GPIO_TypeDef*, unsigned short, GPIO_TypeDef*, TIM_HandleTypeDef*) 0x080052bd   Thumb Code   194  motor.o(i._ZN29Class_Motor_With_Hall_Encoder4InitE17TIM_HandleTypeDefhtP12GPIO_TypeDeftS2_PS0_)
    Class_Motor_With_Hall_Encoder::Class_Motor_With_Hall_Encoder() 0x08005385   Thumb Code   110  move.o(i._ZN29Class_Motor_With_Hall_EncoderC1Ev)
    Class_Motor_With_Hall_Encoder::Class_Motor_With_Hall_Encoder__sub_object() 0x08005385   Thumb Code     0  move.o(i._ZN29Class_Motor_With_Hall_EncoderC1Ev)
    Class_PID::Set_Target(float)             0x08005f41   Thumb Code     6  pid.o(i._ZN9Class_PID10Set_TargetEf)
    Class_PID::Set_Out_Max(float)            0x08005f47   Thumb Code     6  pid.o(i._ZN9Class_PID11Set_Out_MaxEf)
    Class_PID::Set_history_IE(float)         0x08005f4d   Thumb Code     6  pid.o(i._ZN9Class_PID14Set_history_IEEf)
    Class_PID::Adjust_TIM_PeriodElapsedCallback() 0x08005f55   Thumb Code   526  pid.o(i._ZN9Class_PID32Adjust_TIM_PeriodElapsedCallbackEv)
    Class_PID::Init(float, float, float, float, float) 0x08006169   Thumb Code    86  pid.o(i._ZN9Class_PID4InitEfffff)
    Class_PID::Get_Out()                     0x080061c5   Thumb Code     6  pid.o(i._ZN9Class_PID7Get_OutEv)
    Class_PID::Set_Now(float)                0x080061cb   Thumb Code     6  pid.o(i._ZN9Class_PID7Set_NowEf)
    Class_PID::Class_PID()                   0x080061d1   Thumb Code   168  move.o(i._ZN9Class_PIDC1Ev)
    Class_PID::Class_PID__sub_object()       0x080061d1   Thumb Code     0  move.o(i._ZN9Class_PIDC1Ev)
    __ARM_fpclassifyf                        0x08006281   Thumb Code    38  fpclassifyf.o(i.__ARM_fpclassifyf)
    __aeabi_vec_ctor_nocookie_nodtor         0x080062a7   Thumb Code    36  aeabi_vec_ctor_nocookie_nodtor.o(i.__aeabi_vec_ctor_nocookie_nodtor)
    __hardfp_acosf                           0x080062cd   Thumb Code   234  acosf.o(i.__hardfp_acosf)
    __hardfp_atan2f                          0x080063e5   Thumb Code   502  atan2f.o(i.__hardfp_atan2f)
    __hardfp_cosf                            0x08006635   Thumb Code   280  cosf.o(i.__hardfp_cosf)
    __hardfp_sinf                            0x08006785   Thumb Code   344  sinf.o(i.__hardfp_sinf)
    __mathlib_flt_infnan                     0x08006915   Thumb Code     6  funder.o(i.__mathlib_flt_infnan)
    __mathlib_flt_infnan2                    0x0800691b   Thumb Code     6  funder.o(i.__mathlib_flt_infnan2)
    __mathlib_flt_invalid                    0x08006921   Thumb Code    10  funder.o(i.__mathlib_flt_invalid)
    __mathlib_flt_underflow                  0x08006931   Thumb Code    10  funder.o(i.__mathlib_flt_underflow)
    __mathlib_rredf2                         0x08006941   Thumb Code   316  rredf.o(i.__mathlib_rredf2)
    _is_digit                                0x08006ab5   Thumb Code    14  __printf_wp.o(i._is_digit)
    main                                     0x08006ac3   Thumb Code    72  main.o(i.main)
    sqrtf                                    0x08006b0b   Thumb Code    62  sqrtf.o(i.sqrtf)
    void Math_Constrain<float>(T1*, T1, T1)  0x08006b49   Thumb Code    40  chassis.o(t._Z14Math_ConstrainIfEvPT_S0_S0_)
    void Math_Constrain<int>(T1*, T1, T1)    0x08006b71   Thumb Code    20  motor.o(t._Z14Math_ConstrainIiEvPT_S0_S0_)
    T1 Math_Abs<float>(T1)                   0x08006b85   Thumb Code    26  pid.o(t._Z8Math_AbsIfET_S0_)
    T1 Math_Abs<int>(T1)                     0x08006b9f   Thumb Code    14  motor.o(t._Z8Math_AbsIiET_S0_)
    _fp_init                                 0x08006bad   Thumb Code    10  fpinit.o(x$fpl$fpinit)
    __fplib_config_fpu_vfp                   0x08006bb5   Thumb Code     0  fpinit.o(x$fpl$fpinit)
    __fplib_config_pureend_doubles           0x08006bb5   Thumb Code     0  fpinit.o(x$fpl$fpinit)
    AHBPrescTable                            0x08006bb6   Data          16  system_stm32f4xx.o(.constdata)
    __I$use$fp                               0x08006bb6   Number         0  usenofp.o(x$fpl$usenofp)
    APBPrescTable                            0x08006bc6   Data           8  system_stm32f4xx.o(.constdata)
    Region$$Table$$Base                      0x08006c54   Number         0  anon$$obj.o(Region$$Table)
    Region$$Table$$Limit                     0x08006c74   Number         0  anon$$obj.o(Region$$Table)
    SHT$$INIT_ARRAY$$Base                    0x08006c74   Number         0  move.o(.init_array)
    SHT$$INIT_ARRAY$$Limit                   0x08006c7c   Number         0  init_aeabi.o(.init_array)
    uwTick                                   0x20000000   Data           4  stm32f4xx_hal.o(.data)
    uwTickPrio                               0x20000004   Data           4  stm32f4xx_hal.o(.data)
    uwTickFreq                               0x20000008   Data           1  stm32f4xx_hal.o(.data)
    SystemCoreClock                          0x2000000c   Data           4  system_stm32f4xx.o(.data)
    hi2c1                                    0x20000044   Data          84  i2c.o(.bss)
    htim1                                    0x20000098   Data          72  tim.o(.bss)
    htim2                                    0x200000e0   Data          72  tim.o(.bss)
    htim3                                    0x20000128   Data          72  tim.o(.bss)
    htim4                                    0x20000170   Data          72  tim.o(.bss)
    htim5                                    0x200001b8   Data          72  tim.o(.bss)
    htim6                                    0x20000200   Data          72  tim.o(.bss)
    htim8                                    0x20000248   Data          72  tim.o(.bss)
    huart1                                   0x20000290   Data          72  usart.o(.bss)
    huart2                                   0x200002d8   Data          72  usart.o(.bss)
    __libspace_start                         0x20000ebc   Data          96  libspace.o(.bss)
    __temporary_stack_top$libspace           0x20000f1c   Data           0  libspace.o(.bss)



==============================================================================

Memory Map of the image

  Image Entry point : 0x08000189

  Load Region LR_IROM1 (Base: 0x08000000, Size: 0x00006cc0, Max: 0x00100000, ABSOLUTE)

    Execution Region ER_IROM1 (Exec base: 0x08000000, Load base: 0x08000000, Size: 0x00006c7c, Max: 0x00100000, ABSOLUTE)

    Exec Addr    Load Addr    Size         Type   Attr      Idx    E Section Name        Object

    0x08000000   0x08000000   0x00000188   Data   RO            3    RESET               startup_stm32f407xx.o
    0x08000188   0x08000188   0x00000008   Code   RO         5573  * !!!main             c_w.l(__main.o)
    0x08000190   0x08000190   0x00000034   Code   RO         6027    !!!scatter          c_w.l(__scatter.o)
    0x080001c4   0x080001c4   0x0000001a   Code   RO         6029    !!handler_copy      c_w.l(__scatter_copy.o)
    0x080001de   0x080001de   0x00000002   PAD
    0x080001e0   0x080001e0   0x0000001c   Code   RO         6031    !!handler_zi        c_w.l(__scatter_zi.o)
    0x080001fc   0x080001fc   0x00000000   Code   RO         5562    .ARM.Collect$$_printf_percent$$00000000  c_w.l(_printf_percent.o)
    0x080001fc   0x080001fc   0x00000006   Code   RO         5560    .ARM.Collect$$_printf_percent$$0000000A  c_w.l(_printf_u.o)
    0x08000202   0x08000202   0x00000004   Code   RO         5653    .ARM.Collect$$_printf_percent$$00000017  c_w.l(_printf_percent_end.o)
    0x08000206   0x08000206   0x00000002   Code   RO         5832    .ARM.Collect$$libinit$$00000000  c_w.l(libinit.o)
    0x08000208   0x08000208   0x00000004   Code   RO         5654    .ARM.Collect$$libinit$$00000001  c_w.l(libinit2.o)
    0x0800020c   0x0800020c   0x00000000   Code   RO         5657    .ARM.Collect$$libinit$$00000004  c_w.l(libinit2.o)
    0x0800020c   0x0800020c   0x00000000   Code   RO         5660    .ARM.Collect$$libinit$$0000000A  c_w.l(libinit2.o)
    0x0800020c   0x0800020c   0x00000000   Code   RO         5662    .ARM.Collect$$libinit$$0000000C  c_w.l(libinit2.o)
    0x0800020c   0x0800020c   0x00000000   Code   RO         5664    .ARM.Collect$$libinit$$0000000E  c_w.l(libinit2.o)
    0x0800020c   0x0800020c   0x00000000   Code   RO         5667    .ARM.Collect$$libinit$$00000011  c_w.l(libinit2.o)
    0x0800020c   0x0800020c   0x00000000   Code   RO         5669    .ARM.Collect$$libinit$$00000013  c_w.l(libinit2.o)
    0x0800020c   0x0800020c   0x00000000   Code   RO         5671    .ARM.Collect$$libinit$$00000015  c_w.l(libinit2.o)
    0x0800020c   0x0800020c   0x00000000   Code   RO         5673    .ARM.Collect$$libinit$$00000017  c_w.l(libinit2.o)
    0x0800020c   0x0800020c   0x00000000   Code   RO         5675    .ARM.Collect$$libinit$$00000019  c_w.l(libinit2.o)
    0x0800020c   0x0800020c   0x00000000   Code   RO         5677    .ARM.Collect$$libinit$$0000001B  c_w.l(libinit2.o)
    0x0800020c   0x0800020c   0x00000000   Code   RO         5679    .ARM.Collect$$libinit$$0000001D  c_w.l(libinit2.o)
    0x0800020c   0x0800020c   0x00000000   Code   RO         5681    .ARM.Collect$$libinit$$0000001F  c_w.l(libinit2.o)
    0x0800020c   0x0800020c   0x00000000   Code   RO         5683    .ARM.Collect$$libinit$$00000021  c_w.l(libinit2.o)
    0x0800020c   0x0800020c   0x00000000   Code   RO         5685    .ARM.Collect$$libinit$$00000023  c_w.l(libinit2.o)
    0x0800020c   0x0800020c   0x00000000   Code   RO         5687    .ARM.Collect$$libinit$$00000025  c_w.l(libinit2.o)
    0x0800020c   0x0800020c   0x00000000   Code   RO         5691    .ARM.Collect$$libinit$$0000002C  c_w.l(libinit2.o)
    0x0800020c   0x0800020c   0x00000000   Code   RO         5693    .ARM.Collect$$libinit$$0000002E  c_w.l(libinit2.o)
    0x0800020c   0x0800020c   0x00000000   Code   RO         5695    .ARM.Collect$$libinit$$00000030  c_w.l(libinit2.o)
    0x0800020c   0x0800020c   0x00000004   Code   RO         5696    .ARM.Collect$$libinit$$00000031  c_w.l(libinit2.o)
    0x08000210   0x08000210   0x00000000   Code   RO         5697    .ARM.Collect$$libinit$$00000032  c_w.l(libinit2.o)
    0x08000210   0x08000210   0x00000002   Code   RO         5698    .ARM.Collect$$libinit$$00000033  c_w.l(libinit2.o)
    0x08000212   0x08000212   0x00000002   Code   RO         5990    .ARM.Collect$$libshutdown$$00000000  c_w.l(libshutdown.o)
    0x08000214   0x08000214   0x00000000   Code   RO         6006    .ARM.Collect$$libshutdown$$00000002  c_w.l(libshutdown2.o)
    0x08000214   0x08000214   0x00000000   Code   RO         6008    .ARM.Collect$$libshutdown$$00000004  c_w.l(libshutdown2.o)
    0x08000214   0x08000214   0x00000000   Code   RO         6011    .ARM.Collect$$libshutdown$$00000007  c_w.l(libshutdown2.o)
    0x08000214   0x08000214   0x00000000   Code   RO         6014    .ARM.Collect$$libshutdown$$0000000A  c_w.l(libshutdown2.o)
    0x08000214   0x08000214   0x00000000   Code   RO         6016    .ARM.Collect$$libshutdown$$0000000C  c_w.l(libshutdown2.o)
    0x08000214   0x08000214   0x00000000   Code   RO         6019    .ARM.Collect$$libshutdown$$0000000F  c_w.l(libshutdown2.o)
    0x08000214   0x08000214   0x00000002   Code   RO         6020    .ARM.Collect$$libshutdown$$00000010  c_w.l(libshutdown2.o)
    0x08000216   0x08000216   0x00000000   Code   RO         5636    .ARM.Collect$$rtentry$$00000000  c_w.l(__rtentry.o)
    0x08000216   0x08000216   0x00000000   Code   RO         5739    .ARM.Collect$$rtentry$$00000002  c_w.l(__rtentry2.o)
    0x08000216   0x08000216   0x00000006   Code   RO         5751    .ARM.Collect$$rtentry$$00000004  c_w.l(__rtentry4.o)
    0x0800021c   0x0800021c   0x00000000   Code   RO         5741    .ARM.Collect$$rtentry$$00000009  c_w.l(__rtentry2.o)
    0x0800021c   0x0800021c   0x00000004   Code   RO         5742    .ARM.Collect$$rtentry$$0000000A  c_w.l(__rtentry2.o)
    0x08000220   0x08000220   0x00000000   Code   RO         5744    .ARM.Collect$$rtentry$$0000000C  c_w.l(__rtentry2.o)
    0x08000220   0x08000220   0x00000008   Code   RO         5745    .ARM.Collect$$rtentry$$0000000D  c_w.l(__rtentry2.o)
    0x08000228   0x08000228   0x00000002   Code   RO         5842    .ARM.Collect$$rtexit$$00000000  c_w.l(rtexit.o)
    0x0800022a   0x0800022a   0x00000000   Code   RO         5930    .ARM.Collect$$rtexit$$00000002  c_w.l(rtexit2.o)
    0x0800022a   0x0800022a   0x00000004   Code   RO         5931    .ARM.Collect$$rtexit$$00000003  c_w.l(rtexit2.o)
    0x0800022e   0x0800022e   0x00000006   Code   RO         5932    .ARM.Collect$$rtexit$$00000004  c_w.l(rtexit2.o)
    0x08000234   0x08000234   0x00000040   Code   RO            4    .text               startup_stm32f407xx.o
    0x08000274   0x08000274   0x000000ee   Code   RO         5528    .text               c_w.l(lludivv7m.o)
    0x08000362   0x08000362   0x00000002   PAD
    0x08000364   0x08000364   0x00000038   Code   RO         5530    .text               c_w.l(__2snprintf.o)
    0x0800039c   0x0800039c   0x0000004e   Code   RO         5536    .text               c_w.l(_printf_pad.o)
    0x080003ea   0x080003ea   0x00000002   PAD
    0x080003ec   0x080003ec   0x00000078   Code   RO         5538    .text               c_w.l(_printf_dec.o)
    0x08000464   0x08000464   0x00000138   Code   RO         5552    .text               c_w.l(__printf_flags_wp.o)
    0x0800059c   0x0800059c   0x0000003e   Code   RO         5563    .text               c_w.l(strlen.o)
    0x080005da   0x080005da   0x00000064   Code   RO         5565    .text               c_w.l(rt_memcpy_w.o)
    0x0800063e   0x0800063e   0x00000044   Code   RO         5567    .text               c_w.l(rt_memclr.o)
    0x08000682   0x08000682   0x0000004e   Code   RO         5569    .text               c_w.l(rt_memclr_w.o)
    0x080006d0   0x080006d0   0x00000006   Code   RO         5571    .text               c_w.l(heapauxi.o)
    0x080006d6   0x080006d6   0x00000002   PAD
    0x080006d8   0x080006d8   0x00000024   Code   RO         5578    .text               c_w.l(init_aeabi.o)
    0x080006fc   0x080006fc   0x00000016   Code   RO         5641    .text               c_w.l(_rserrno.o)
    0x08000712   0x08000712   0x000000b2   Code   RO         5643    .text               c_w.l(_printf_intcommon.o)
    0x080007c4   0x080007c4   0x00000030   Code   RO         5647    .text               c_w.l(_printf_char_common.o)
    0x080007f4   0x080007f4   0x0000000a   Code   RO         5649    .text               c_w.l(_sputc.o)
    0x080007fe   0x080007fe   0x00000010   Code   RO         5651    .text               c_w.l(_snputc.o)
    0x0800080e   0x0800080e   0x00000002   PAD
    0x08000810   0x08000810   0x00000008   Code   RO         5763    .text               c_w.l(rt_errno_addr_intlibspace.o)
    0x08000818   0x08000818   0x00000008   Code   RO         5810    .text               c_w.l(libspace.o)
    0x08000820   0x08000820   0x0000004a   Code   RO         5813    .text               c_w.l(sys_stackheap_outer.o)
    0x0800086a   0x0800086a   0x00000012   Code   RO         5815    .text               c_w.l(exit.o)
    0x0800087c   0x0800087c   0x0000000c   Code   RO         5922    .text               c_w.l(sys_exit.o)
    0x08000888   0x08000888   0x00000002   Code   RO         5924    .text               c_w.l(use_no_semi.o)
    0x0800088a   0x0800088a   0x00000000   Code   RO         5928    .text               c_w.l(indicate_semi.o)
    0x0800088a   0x0800088a   0x00000002   PAD
    0x0800088c   0x0800088c   0x0000002c   Code   RO         5489    i.ArmTask_Init      armtask.o
    0x080008b8   0x080008b8   0x0000012c   Code   RO         5490    i.ArmTask_Process   armtask.o
    0x080009e4   0x080009e4   0x00000170   Code   RO         5049    i.Arm_Init          arm.o
    0x08000b54   0x08000b54   0x0000000c   Code   RO         5050    i.Arm_IsBuildBusy   arm.o
    0x08000b60   0x08000b60   0x0000000c   Code   RO         5051    i.Arm_IsBusy        arm.o
    0x08000b6c   0x08000b6c   0x000000fc   Code   RO         5052    i.Arm_MoveServoTo   arm.o
    0x08000c68   0x08000c68   0x0000017c   Code   RO         5053    i.Arm_Process       arm.o
    0x08000de4   0x08000de4   0x00000044   Code   RO         5057    i.Arm_StartBuild    arm.o
    0x08000e28   0x08000e28   0x00000040   Code   RO         5058    i.Arm_StartGrab     arm.o
    0x08000e68   0x08000e68   0x00000058   Code   RO         5059    i.Arm_Stop          arm.o
    0x08000ec0   0x08000ec0   0x00000010   Code   RO         5060    i.Arm_TakeBuildFinished  arm.o
    0x08000ed0   0x08000ed0   0x00000010   Code   RO         5061    i.Arm_TakeFinished  arm.o
    0x08000ee0   0x08000ee0   0x00000004   Code   RO          427    i.BusFault_Handler  stm32f4xx_it.o
    0x08000ee4   0x08000ee4   0x0000000c   Code   RO         5445    i.BusServo_Init     busservo.o
    0x08000ef0   0x08000ef0   0x000000a0   Code   RO         5447    i.BusServo_SetAngle  busservo.o
    0x08000f90   0x08000f90   0x0000002c   Code   RO         4725    i.Community_ClearQueue  community.o
    0x08000fbc   0x08000fbc   0x0000000c   Code   RO         4726    i.Community_ClearStopRequest  community.o
    0x08000fc8   0x08000fc8   0x00000054   Code   RO         4729    i.Community_Init    community.o
    0x0800101c   0x0800101c   0x0000000c   Code   RO         4730    i.Community_IsStopRequested  community.o
    0x08001028   0x08001028   0x00000058   Code   RO         4731    i.Community_PopMission  community.o
    0x08001080   0x08001080   0x0000005c   Code   RO         4732    i.Community_PushMission  community.o
    0x080010dc   0x080010dc   0x00000018   Code   RO         4733    i.Community_RestartReceive  community.o
    0x080010f4   0x080010f4   0x000000dc   Code   RO         4734    i.Community_RxByte  community.o
    0x080011d0   0x080011d0   0x0000000a   Code   RO         4735    i.Community_SendArmFinish  community.o
    0x080011da   0x080011da   0x00000002   PAD
    0x080011dc   0x080011dc   0x00000024   Code   RO         4736    i.Community_SendDebugString  community.o
    0x08001200   0x08001200   0x00000018   Code   RO         4737    i.Community_SendFinish  community.o
    0x08001218   0x08001218   0x00000024   Code   RO         4738    i.Community_SendSimpleFrame  community.o
    0x0800123c   0x0800123c   0x00000014   Code   RO         4739    i.Community_SetAckEnable  community.o
    0x08001250   0x08001250   0x00000010   Code   RO         4740    i.Community_TakeArmBuildRequest  community.o
    0x08001260   0x08001260   0x00000010   Code   RO         4741    i.Community_TakeArmGrabRequest  community.o
    0x08001270   0x08001270   0x00000002   Code   RO          428    i.DebugMon_Handler  stm32f4xx_it.o
    0x08001272   0x08001272   0x00000006   Code   RO           13    i.Error_Handler     main.o
    0x08001278   0x08001278   0x000000ac   Code   RO         1704    i.HAL_DMA_Abort     stm32f4xx_hal_dma.o
    0x08001324   0x08001324   0x00000028   Code   RO         1705    i.HAL_DMA_Abort_IT  stm32f4xx_hal_dma.o
    0x0800134c   0x0800134c   0x00000028   Code   RO         2210    i.HAL_Delay         stm32f4xx_hal.o
    0x08001374   0x08001374   0x000001f4   Code   RO         1588    i.HAL_GPIO_Init     stm32f4xx_hal_gpio.o
    0x08001568   0x08001568   0x0000000c   Code   RO         1592    i.HAL_GPIO_WritePin  stm32f4xx_hal_gpio.o
    0x08001574   0x08001574   0x0000000c   Code   RO         2216    i.HAL_GetTick       stm32f4xx_hal.o
    0x08001580   0x08001580   0x000001d0   Code   RO          569    i.HAL_I2C_Init      stm32f4xx_hal_i2c.o
    0x08001750   0x08001750   0x00000088   Code   RO          223    i.HAL_I2C_MspInit   i2c.o
    0x080017d8   0x080017d8   0x00000018   Code   RO         2222    i.HAL_IncTick       stm32f4xx_hal.o
    0x080017f0   0x080017f0   0x0000003c   Code   RO         2223    i.HAL_Init          stm32f4xx_hal.o
    0x0800182c   0x0800182c   0x0000004c   Code   RO         2224    i.HAL_InitTick      stm32f4xx_hal.o
    0x08001878   0x08001878   0x00000048   Code   RO          533    i.HAL_MspInit       stm32f4xx_hal_msp.o
    0x080018c0   0x080018c0   0x00000028   Code   RO         2030    i.HAL_NVIC_EnableIRQ  stm32f4xx_hal_cortex.o
    0x080018e8   0x080018e8   0x0000007c   Code   RO         2036    i.HAL_NVIC_SetPriority  stm32f4xx_hal_cortex.o
    0x08001964   0x08001964   0x00000028   Code   RO         2037    i.HAL_NVIC_SetPriorityGrouping  stm32f4xx_hal_cortex.o
    0x0800198c   0x0800198c   0x00000184   Code   RO         1136    i.HAL_RCC_ClockConfig  stm32f4xx_hal_rcc.o
    0x08001b10   0x08001b10   0x0000000c   Code   RO         1141    i.HAL_RCC_GetHCLKFreq  stm32f4xx_hal_rcc.o
    0x08001b1c   0x08001b1c   0x00000020   Code   RO         1143    i.HAL_RCC_GetPCLK1Freq  stm32f4xx_hal_rcc.o
    0x08001b3c   0x08001b3c   0x00000020   Code   RO         1144    i.HAL_RCC_GetPCLK2Freq  stm32f4xx_hal_rcc.o
    0x08001b5c   0x08001b5c   0x000000b0   Code   RO         1145    i.HAL_RCC_GetSysClockFreq  stm32f4xx_hal_rcc.o
    0x08001c0c   0x08001c0c   0x0000049c   Code   RO         1148    i.HAL_RCC_OscConfig  stm32f4xx_hal_rcc.o
    0x080020a8   0x080020a8   0x00000034   Code   RO         2041    i.HAL_SYSTICK_Config  stm32f4xx_hal_cortex.o
    0x080020dc   0x080020dc   0x00000002   Code   RO         3333    i.HAL_TIMEx_BreakCallback  stm32f4xx_hal_tim_ex.o
    0x080020de   0x080020de   0x00000002   Code   RO         3334    i.HAL_TIMEx_CommutCallback  stm32f4xx_hal_tim_ex.o
    0x080020e0   0x080020e0   0x00000074   Code   RO         3336    i.HAL_TIMEx_ConfigBreakDeadTime  stm32f4xx_hal_tim_ex.o
    0x08002154   0x08002154   0x000000b4   Code   RO         3352    i.HAL_TIMEx_MasterConfigSynchronization  stm32f4xx_hal_tim_ex.o
    0x08002208   0x08002208   0x00000066   Code   RO         2499    i.HAL_TIM_Base_Init  stm32f4xx_hal_tim.o
    0x0800226e   0x0800226e   0x00000002   PAD
    0x08002270   0x08002270   0x000000b8   Code   RO          268    i.HAL_TIM_Base_MspInit  tim.o
    0x08002328   0x08002328   0x000000a8   Code   RO         2504    i.HAL_TIM_Base_Start_IT  stm32f4xx_hal_tim.o
    0x080023d0   0x080023d0   0x0000010c   Code   RO         2508    i.HAL_TIM_ConfigClockSource  stm32f4xx_hal_tim.o
    0x080024dc   0x080024dc   0x000000c8   Code   RO         2520    i.HAL_TIM_Encoder_Init  stm32f4xx_hal_tim.o
    0x080025a4   0x080025a4   0x00000218   Code   RO          270    i.HAL_TIM_Encoder_MspInit  tim.o
    0x080027bc   0x080027bc   0x000000cc   Code   RO         2523    i.HAL_TIM_Encoder_Start  stm32f4xx_hal_tim.o
    0x08002888   0x08002888   0x00000002   Code   RO         2533    i.HAL_TIM_IC_CaptureCallback  stm32f4xx_hal_tim.o
    0x0800288a   0x0800288a   0x0000016c   Code   RO         2547    i.HAL_TIM_IRQHandler  stm32f4xx_hal_tim.o
    0x080029f6   0x080029f6   0x00000002   PAD
    0x080029f8   0x080029f8   0x000000b0   Code   RO          271    i.HAL_TIM_MspPostInit  tim.o
    0x08002aa8   0x08002aa8   0x00000002   Code   RO         2550    i.HAL_TIM_OC_DelayElapsedCallback  stm32f4xx_hal_tim.o
    0x08002aaa   0x08002aaa   0x00000104   Code   RO         2571    i.HAL_TIM_PWM_ConfigChannel  stm32f4xx_hal_tim.o
    0x08002bae   0x08002bae   0x00000066   Code   RO         2574    i.HAL_TIM_PWM_Init  stm32f4xx_hal_tim.o
    0x08002c14   0x08002c14   0x00000002   Code   RO         2576    i.HAL_TIM_PWM_MspInit  stm32f4xx_hal_tim.o
    0x08002c16   0x08002c16   0x00000002   Code   RO         2577    i.HAL_TIM_PWM_PulseFinishedCallback  stm32f4xx_hal_tim.o
    0x08002c18   0x08002c18   0x0000010c   Code   RO         2579    i.HAL_TIM_PWM_Start  stm32f4xx_hal_tim.o
    0x08002d24   0x08002d24   0x0000000c   Code   RO           14    i.HAL_TIM_PeriodElapsedCallback  main.o
    0x08002d30   0x08002d30   0x00000002   Code   RO         2590    i.HAL_TIM_TriggerCallback  stm32f4xx_hal_tim.o
    0x08002d32   0x08002d32   0x00000002   Code   RO         3654    i.HAL_UARTEx_RxEventCallback  stm32f4xx_hal_uart.o
    0x08002d34   0x08002d34   0x0000000c   Code   RO           15    i.HAL_UART_ErrorCallback  main.o
    0x08002d40   0x08002d40   0x00000308   Code   RO         3671    i.HAL_UART_IRQHandler  stm32f4xx_hal_uart.o
    0x08003048   0x08003048   0x00000076   Code   RO         3672    i.HAL_UART_Init     stm32f4xx_hal_uart.o
    0x080030be   0x080030be   0x00000002   PAD
    0x080030c0   0x080030c0   0x0000010c   Code   RO          376    i.HAL_UART_MspInit  usart.o
    0x080031cc   0x080031cc   0x0000002c   Code   RO         3677    i.HAL_UART_Receive_IT  stm32f4xx_hal_uart.o
    0x080031f8   0x080031f8   0x0000000c   Code   RO           16    i.HAL_UART_RxCpltCallback  main.o
    0x08003204   0x08003204   0x000000be   Code   RO         3680    i.HAL_UART_Transmit  stm32f4xx_hal_uart.o
    0x080032c2   0x080032c2   0x00000002   Code   RO         3683    i.HAL_UART_TxCpltCallback  stm32f4xx_hal_uart.o
    0x080032c4   0x080032c4   0x00000004   Code   RO          429    i.HardFault_Handler  stm32f4xx_it.o
    0x080032c8   0x080032c8   0x00000130   Code   RO          197    i.MX_GPIO_Init      gpio.o
    0x080033f8   0x080033f8   0x0000003c   Code   RO          224    i.MX_I2C1_Init      i2c.o
    0x08003434   0x08003434   0x00000108   Code   RO          272    i.MX_TIM1_Init      tim.o
    0x0800353c   0x0800353c   0x0000007c   Code   RO          273    i.MX_TIM2_Init      tim.o
    0x080035b8   0x080035b8   0x00000080   Code   RO          274    i.MX_TIM3_Init      tim.o
    0x08003638   0x08003638   0x00000080   Code   RO          275    i.MX_TIM4_Init      tim.o
    0x080036b8   0x080036b8   0x000000b4   Code   RO          276    i.MX_TIM5_Init      tim.o
    0x0800376c   0x0800376c   0x0000004c   Code   RO          277    i.MX_TIM6_Init      tim.o
    0x080037b8   0x080037b8   0x00000084   Code   RO          278    i.MX_TIM8_Init      tim.o
    0x0800383c   0x0800383c   0x00000038   Code   RO          377    i.MX_USART1_UART_Init  usart.o
    0x08003874   0x08003874   0x00000038   Code   RO          378    i.MX_USART2_UART_Init  usart.o
    0x080038ac   0x080038ac   0x00000004   Code   RO          430    i.MemManage_Handler  stm32f4xx_it.o
    0x080038b0   0x080038b0   0x0000000c   Code   RO         4742    i.Mission_Queue     community.o
    0x080038bc   0x080038bc   0x000000d8   Code   RO         4523    i.Move_Init         move.o
    0x08003994   0x08003994   0x00000104   Code   RO         4524    i.Move_Process      move.o
    0x08003a98   0x08003a98   0x0000007c   Code   RO         4525    i.Move_TIM_Callback  move.o
    0x08003b14   0x08003b14   0x0000001c   Code   RO         4526    i.Move_UART_ErrorCallback  move.o
    0x08003b30   0x08003b30   0x0000001c   Code   RO         4527    i.Move_UART_RxCpltCallback  move.o
    0x08003b4c   0x08003b4c   0x00000004   Code   RO          431    i.NMI_Handler       stm32f4xx_it.o
    0x08003b50   0x08003b50   0x00000002   Code   RO          432    i.PendSV_Handler    stm32f4xx_it.o
    0x08003b52   0x08003b52   0x00000002   PAD
    0x08003b54   0x08003b54   0x00000014   Code   RO         4743    i.Receive_Analyse   community.o
    0x08003b68   0x08003b68   0x00000002   Code   RO          433    i.SVC_Handler       stm32f4xx_it.o
    0x08003b6a   0x08003b6a   0x00000008   Code   RO          434    i.SysTick_Handler   stm32f4xx_it.o
    0x08003b72   0x08003b72   0x00000002   PAD
    0x08003b74   0x08003b74   0x00000014   Code   RO         4078    i.SystemInit        system_stm32f4xx.o
    0x08003b88   0x08003b88   0x00000010   Code   RO          435    i.TIM5_IRQHandler   stm32f4xx_it.o
    0x08003b98   0x08003b98   0x00000010   Code   RO          436    i.TIM6_DAC_IRQHandler  stm32f4xx_it.o
    0x08003ba8   0x08003ba8   0x000000e0   Code   RO         2592    i.TIM_Base_SetConfig  stm32f4xx_hal_tim.o
    0x08003c88   0x08003c88   0x00000022   Code   RO         2593    i.TIM_CCxChannelCmd  stm32f4xx_hal_tim.o
    0x08003caa   0x08003caa   0x00000016   Code   RO         2598    i.TIM_ETR_SetConfig  stm32f4xx_hal_tim.o
    0x08003cc0   0x08003cc0   0x0000007c   Code   RO         2599    i.TIM_OC2_SetConfig  stm32f4xx_hal_tim.o
    0x08003d3c   0x08003d3c   0x00000040   Code   RO         3686    i.UART_Start_Receive_IT  stm32f4xx_hal_uart.o
    0x08003d7c   0x08003d7c   0x00000010   Code   RO          437    i.USART1_IRQHandler  stm32f4xx_it.o
    0x08003d8c   0x08003d8c   0x00000004   Code   RO          438    i.UsageFault_Handler  stm32f4xx_it.o
    0x08003d90   0x08003d90   0x000000b4   Code   RO           17    i._Z18SystemClock_Configv  main.o
    0x08003e44   0x08003e44   0x00000006   Code   RO         4255    i._ZN11Class_Motor25Set_Rotate_Direction_FlagE21Enum_Rotate_Direction  motor.o
    0x08003e4a   0x08003e4a   0x000000a0   Code   RO         4257    i._ZN11Class_Motor6OutputEv  motor.o
    0x08003eea   0x08003eea   0x00000004   Code   RO         4259    i._ZN11Class_Motor7Set_OutEi  motor.o
    0x08003eee   0x08003eee   0x00000002   PAD
    0x08003ef0   0x08003ef0   0x000000e4   Code   RO         4116    i._ZN13Class_Chassis11Set_add_radEfff  chassis.o
    0x08003fd4   0x08003fd4   0x00000016   Code   RO         4117    i._ZN13Class_Chassis12Set_VelocityE12SpeedTypeDef  chassis.o
    0x08003fea   0x08003fea   0x00000032   Code   RO         4118    i._ZN13Class_Chassis18Set_Control_MethodE19Enum_Control_Method  chassis.o
    0x0800401c   0x0800401c   0x00000104   Code   RO         4119    i._ZN13Class_Chassis35Calculate_TIM_PeriodElapsedCallbackEv  chassis.o
    0x08004120   0x08004120   0x00000330   Code   RO         4120    i._ZN13Class_Chassis4InitE17TIM_HandleTypeDef  chassis.o
    0x08004450   0x08004450   0x00000068   Code   RO         4623    i._ZN13Class_ChassisC1Ev  move.o
    0x080044b8   0x080044b8   0x00000134   Code   RO         5062    i._ZN26_INTERNAL_5_arm_c_Arm_Init11Arm_SolveIKEffffPfS0_  arm.o
    0x080045ec   0x080045ec   0x00000020   Code   RO         5063    i._ZN26_INTERNAL_5_arm_c_Arm_Init12Arm_DegToRadEf  arm.o
    0x0800460c   0x0800460c   0x00000020   Code   RO         5064    i._ZN26_INTERNAL_5_arm_c_Arm_Init12Arm_RadToDegEf  arm.o
    0x0800462c   0x0800462c   0x0000001c   Code   RO         5065    i._ZN26_INTERNAL_5_arm_c_Arm_Init16Arm_ClampPulseUsEt  arm.o
    0x08004648   0x08004648   0x00000094   Code   RO         5066    i._ZN26_INTERNAL_5_arm_c_Arm_Init16Arm_WriteServoUsE11Arm_Servo_tt  arm.o
    0x080046dc   0x080046dc   0x00000074   Code   RO         5067    i._ZN26_INTERNAL_5_arm_c_Arm_Init17Arm_IsServoMovingE11Arm_Servo_t  arm.o
    0x08004750   0x08004750   0x00000068   Code   RO         5068    i._ZN26_INTERNAL_5_arm_c_Arm_Init17Arm_ScrewGPIOInitEv  arm.o
    0x080047b8   0x080047b8   0x00000050   Code   RO         5069    i._ZN26_INTERNAL_5_arm_c_Arm_Init17Arm_WrapAngleNearEff  arm.o
    0x08004808   0x08004808   0x000000dc   Code   RO         5070    i._ZN26_INTERNAL_5_arm_c_Arm_Init18Arm_ApplyLiftPointEff  arm.o
    0x080048e4   0x080048e4   0x00000020   Code   RO         5071    i._ZN26_INTERNAL_5_arm_c_Arm_Init18Arm_FinishSequenceEv  arm.o
    0x08004904   0x08004904   0x00000020   Code   RO         5072    i._ZN26_INTERNAL_5_arm_c_Arm_Init18Arm_ScrewSetEnableEh  arm.o
    0x08004924   0x08004924   0x00000050   Code   RO         5073    i._ZN26_INTERNAL_5_arm_c_Arm_Init18Arm_ScrewSetTargetEi  arm.o
    0x08004974   0x08004974   0x0000001c   Code   RO         5074    i._ZN26_INTERNAL_5_arm_c_Arm_Init18Arm_StartHomeElbowEv  arm.o
    0x08004990   0x08004990   0x0000001c   Code   RO         5075    i._ZN26_INTERNAL_5_arm_c_Arm_Init18Arm_StartHomeWristEv  arm.o
    0x080049ac   0x080049ac   0x0000001c   Code   RO         5076    i._ZN26_INTERNAL_5_arm_c_Arm_Init18Arm_StartPickElbowEv  arm.o
    0x080049c8   0x080049c8   0x00000020   Code   RO         5077    i._ZN26_INTERNAL_5_arm_c_Arm_Init18Arm_StartPickWristEv  arm.o
    0x080049e8   0x080049e8   0x0000002c   Code   RO         5078    i._ZN26_INTERNAL_5_arm_c_Arm_Init19Arm_ScrewStopMotionEv  arm.o
    0x08004a14   0x08004a14   0x0000001c   Code   RO         5079    i._ZN26_INTERNAL_5_arm_c_Arm_Init19Arm_StartStoreElbowEv  arm.o
    0x08004a30   0x08004a30   0x0000001c   Code   RO         5080    i._ZN26_INTERNAL_5_arm_c_Arm_Init19Arm_StartStoreWristEv  arm.o
    0x08004a4c   0x08004a4c   0x0000003c   Code   RO         5081    i._ZN26_INTERNAL_5_arm_c_Arm_Init19Arm_StopServoMotionE11Arm_Servo_t  arm.o
    0x08004a88   0x08004a88   0x00000048   Code   RO         5082    i._ZN26_INTERNAL_5_arm_c_Arm_Init20Arm_FloatPwmToUint16EfPt  arm.o
    0x08004ad0   0x08004ad0   0x0000001c   Code   RO         5083    i._ZN26_INTERNAL_5_arm_c_Arm_Init20Arm_StartPickGripperEv  arm.o
    0x08004aec   0x08004aec   0x00000074   Code   RO         5084    i._ZN26_INTERNAL_5_arm_c_Arm_Init21Arm_ForwardKinematicsEffPfS0_  arm.o
    0x08004b60   0x08004b60   0x00000078   Code   RO         5085    i._ZN26_INTERNAL_5_arm_c_Arm_Init21Arm_ScrewUpdateMotionEv  arm.o
    0x08004bd8   0x08004bd8   0x0000001c   Code   RO         5086    i._ZN26_INTERNAL_5_arm_c_Arm_Init21Arm_StartHomeShoulderEv  arm.o
    0x08004bf4   0x08004bf4   0x0000001c   Code   RO         5087    i._ZN26_INTERNAL_5_arm_c_Arm_Init21Arm_StartPickShoulderEv  arm.o
    0x08004c10   0x08004c10   0x0000001c   Code   RO         5088    i._ZN26_INTERNAL_5_arm_c_Arm_Init21Arm_StartStoreReleaseEv  arm.o
    0x08004c2c   0x08004c2c   0x000000d8   Code   RO         5089    i._ZN26_INTERNAL_5_arm_c_Arm_Init21Arm_StartVerticalLiftEv  arm.o
    0x08004d04   0x08004d04   0x000000b8   Code   RO         5090    i._ZN26_INTERNAL_5_arm_c_Arm_Init21Arm_UpdateServoMotionE11Arm_Servo_t  arm.o
    0x08004dbc   0x08004dbc   0x0000001c   Code   RO         5091    i._ZN26_INTERNAL_5_arm_c_Arm_Init22Arm_StartStoreShoulderEv  arm.o
    0x08004dd8   0x08004dd8   0x0000009c   Code   RO         5092    i._ZN26_INTERNAL_5_arm_c_Arm_Init22Arm_UpdateVerticalLiftEv  arm.o
    0x08004e74   0x08004e74   0x00000030   Code   RO         5093    i._ZN26_INTERNAL_5_arm_c_Arm_Init23Arm_FinishBuildSequenceEv  arm.o
    0x08004ea4   0x08004ea4   0x00000014   Code   RO         5094    i._ZN26_INTERNAL_5_arm_c_Arm_Init24Arm_UpdateAllServoMotionEv  arm.o
    0x08004eb8   0x08004eb8   0x0000003c   Code   RO         5095    i._ZN26_INTERNAL_5_arm_c_Arm_Init25Arm_ElbowPwmToRelativeRadEt  arm.o
    0x08004ef4   0x08004ef4   0x00000034   Code   RO         5096    i._ZN26_INTERNAL_5_arm_c_Arm_Init25Arm_ElbowRelativeRadToPwmEf  arm.o
    0x08004f28   0x08004f28   0x00000034   Code   RO         5097    i._ZN26_INTERNAL_5_arm_c_Arm_Init25Arm_ShoulderAngleRadToPwmEf  arm.o
    0x08004f5c   0x08004f5c   0x0000003c   Code   RO         5098    i._ZN26_INTERNAL_5_arm_c_Arm_Init25Arm_ShoulderPwmToAngleRadEt  arm.o
    0x08004f98   0x08004f98   0x00000040   Code   RO         5099    i._ZN26_INTERNAL_5_arm_c_Arm_Init25Arm_WristPwmToRelativeRadEt  arm.o
    0x08004fd8   0x08004fd8   0x00000034   Code   RO         5100    i._ZN26_INTERNAL_5_arm_c_Arm_Init25Arm_WristRelativeRadToPwmEf  arm.o
    0x0800500c   0x0800500c   0x0000001c   Code   RO         5101    i._ZN26_INTERNAL_5_arm_c_Arm_Init27Arm_StartPrepareOpenGripperEv  arm.o
    0x08005028   0x08005028   0x00000006   Code   RO         4260    i._ZN29Class_Motor_With_Hall_Encoder13Get_Angle_NowEv  motor.o
    0x0800502e   0x0800502e   0x00000006   Code   RO         4261    i._ZN29Class_Motor_With_Hall_Encoder13Get_Omega_NowEv  motor.o
    0x08005034   0x08005034   0x00000006   Code   RO         4262    i._ZN29Class_Motor_With_Hall_Encoder16Get_Angle_TargetEv  motor.o
    0x0800503a   0x0800503a   0x00000006   Code   RO         4263    i._ZN29Class_Motor_With_Hall_Encoder16Set_Angle_TargetEf  motor.o
    0x08005040   0x08005040   0x00000006   Code   RO         4264    i._ZN29Class_Motor_With_Hall_Encoder16Set_Omega_TargetEf  motor.o
    0x08005046   0x08005046   0x00000006   Code   RO         4266    i._ZN29Class_Motor_With_Hall_Encoder18Set_Control_MethodE19Enum_Control_Method  motor.o
    0x0800504c   0x0800504c   0x00000270   Code   RO         4268    i._ZN29Class_Motor_With_Hall_Encoder35Calculate_TIM_PeriodElapsedCallbackEv  motor.o
    0x080052bc   0x080052bc   0x000000c8   Code   RO         4269    i._ZN29Class_Motor_With_Hall_Encoder4InitE17TIM_HandleTypeDefhtP12GPIO_TypeDeftS2_PS0_  motor.o
    0x08005384   0x08005384   0x0000007c   Code   RO         4626    i._ZN29Class_Motor_With_Hall_EncoderC1Ev  move.o
    0x08005400   0x08005400   0x000000c8   Code   RO         4528    i._ZN29_INTERNAL_8_Move_cpp_eadff55d16Move_StartRotateEs  move.o
    0x080054c8   0x080054c8   0x000000a0   Code   RO         4529    i._ZN29_INTERNAL_8_Move_cpp_eadff55d16Move_StopChassisEv  move.o
    0x08005568   0x08005568   0x00000030   Code   RO         4530    i._ZN29_INTERNAL_8_Move_cpp_eadff55d17Move_StartMissionEPK19Community_Mission_t  move.o
    0x08005598   0x08005598   0x000000f4   Code   RO         4531    i._ZN29_INTERNAL_8_Move_cpp_eadff55d19Move_StartTranslateEth  move.o
    0x0800568c   0x0800568c   0x000000a0   Code   RO         4532    i._ZN29_INTERNAL_8_Move_cpp_eadff55d20Move_IsTargetReachedEv  move.o
    0x0800572c   0x0800572c   0x0000002c   Code   RO         4533    i._ZN29_INTERNAL_8_Move_cpp_eadff55d23Move_SetAngleSpeedLimitEv  move.o
    0x08005758   0x08005758   0x0000001a   Code   RO         4534    i._ZN29_INTERNAL_8_Move_cpp_eadff55d9Move_AbsFEf  move.o
    0x08005772   0x08005772   0x00000002   PAD
    0x08005774   0x08005774   0x000000dc   Code   RO         4744    i._ZN33_INTERNAL_11_community_c_6a73d95820Community_ParseFrameEhPKhh  community.o
    0x08005850   0x08005850   0x0000000e   Code   RO         4745    i._ZN33_INTERNAL_11_community_c_6a73d95821Community_ReadInt16LEEPKh  community.o
    0x0800585e   0x0800585e   0x0000000c   Code   RO         4746    i._ZN33_INTERNAL_11_community_c_6a73d95822Community_ReadUInt16LEEPKh  community.o
    0x0800586a   0x0800586a   0x0000004c   Code   RO         4747    i._ZN33_INTERNAL_11_community_c_6a73d95826Community_GetPayloadLengthEh  community.o
    0x080058b6   0x080058b6   0x00000002   PAD
    0x080058b8   0x080058b8   0x00000070   Code   RO         2601    i._ZN41_INTERNAL_19_stm32f4xx_hal_tim_c_a9d95b5217TIM_OC1_SetConfigEP11TIM_TypeDefPK18TIM_OC_InitTypeDef  stm32f4xx_hal_tim.o
    0x08005928   0x08005928   0x00000078   Code   RO         2602    i._ZN41_INTERNAL_19_stm32f4xx_hal_tim_c_a9d95b5217TIM_OC3_SetConfigEP11TIM_TypeDefPK18TIM_OC_InitTypeDef  stm32f4xx_hal_tim.o
    0x080059a0   0x080059a0   0x00000054   Code   RO         2603    i._ZN41_INTERNAL_19_stm32f4xx_hal_tim_c_a9d95b5217TIM_OC4_SetConfigEP11TIM_TypeDefPK18TIM_OC_InitTypeDef  stm32f4xx_hal_tim.o
    0x080059f4   0x080059f4   0x00000012   Code   RO         2608    i._ZN41_INTERNAL_19_stm32f4xx_hal_tim_c_a9d95b5218TIM_ITRx_SetConfigEP11TIM_TypeDefj  stm32f4xx_hal_tim.o
    0x08005a06   0x08005a06   0x00000026   Code   RO         2613    i._ZN41_INTERNAL_19_stm32f4xx_hal_tim_c_a9d95b5224TIM_TI1_ConfigInputStageEP11TIM_TypeDefjj  stm32f4xx_hal_tim.o
    0x08005a2c   0x08005a2c   0x00000028   Code   RO         2614    i._ZN41_INTERNAL_19_stm32f4xx_hal_tim_c_a9d95b5224TIM_TI2_ConfigInputStageEP11TIM_TypeDefjj  stm32f4xx_hal_tim.o
    0x08005a54   0x08005a54   0x0000022c   Code   RO         3688    i._ZN42_INTERNAL_20_stm32f4xx_hal_uart_c_d497114f14UART_SetConfigEP20__UART_HandleTypeDef  stm32f4xx_hal_uart.o
    0x08005c80   0x08005c80   0x000000fc   Code   RO         3689    i._ZN42_INTERNAL_20_stm32f4xx_hal_uart_c_d497114f15UART_Receive_ITEP20__UART_HandleTypeDef  stm32f4xx_hal_uart.o
    0x08005d7c   0x08005d7c   0x00000060   Code   RO         3690    i._ZN42_INTERNAL_20_stm32f4xx_hal_uart_c_d497114f16UART_Transmit_ITEP20__UART_HandleTypeDef  stm32f4xx_hal_uart.o
    0x08005ddc   0x08005ddc   0x0000006c   Code   RO         3693    i._ZN42_INTERNAL_20_stm32f4xx_hal_uart_c_d497114f18UART_EndRxTransferEP20__UART_HandleTypeDef  stm32f4xx_hal_uart.o
    0x08005e48   0x08005e48   0x00000020   Code   RO         3696    i._ZN42_INTERNAL_20_stm32f4xx_hal_uart_c_d497114f19UART_EndTransmit_ITEP20__UART_HandleTypeDef  stm32f4xx_hal_uart.o
    0x08005e68   0x08005e68   0x00000012   Code   RO         3697    i._ZN42_INTERNAL_20_stm32f4xx_hal_uart_c_d497114f20UART_DMAAbortOnErrorEP19__DMA_HandleTypeDef  stm32f4xx_hal_uart.o
    0x08005e7a   0x08005e7a   0x0000008c   Code   RO         3703    i._ZN42_INTERNAL_20_stm32f4xx_hal_uart_c_d497114f27UART_WaitOnFlagUntilTimeoutEP20__UART_HandleTypeDefj10FlagStatusjj  stm32f4xx_hal_uart.o
    0x08005f06   0x08005f06   0x00000002   PAD
    0x08005f08   0x08005f08   0x00000028   Code   RO         2043    i._ZN44_INTERNAL_22_stm32f4xx_hal_cortex_c_2992dbc018__NVIC_SetPriorityE9IRQn_Typej  stm32f4xx_hal_cortex.o
    0x08005f30   0x08005f30   0x00000010   Code   RO         2044    i._ZN44_INTERNAL_22_stm32f4xx_hal_cortex_c_2992dbc026__NVIC_GetPriorityGroupingEv  stm32f4xx_hal_cortex.o
    0x08005f40   0x08005f40   0x00000006   Code   RO         4402    i._ZN9Class_PID10Set_TargetEf  pid.o
    0x08005f46   0x08005f46   0x00000006   Code   RO         4404    i._ZN9Class_PID11Set_Out_MaxEf  pid.o
    0x08005f4c   0x08005f4c   0x00000006   Code   RO         4407    i._ZN9Class_PID14Set_history_IEEf  pid.o
    0x08005f52   0x08005f52   0x00000002   PAD
    0x08005f54   0x08005f54   0x00000214   Code   RO         4411    i._ZN9Class_PID32Adjust_TIM_PeriodElapsedCallbackEv  pid.o
    0x08006168   0x08006168   0x0000005c   Code   RO         4412    i._ZN9Class_PID4InitEfffff  pid.o
    0x080061c4   0x080061c4   0x00000006   Code   RO         4413    i._ZN9Class_PID7Get_OutEv  pid.o
    0x080061ca   0x080061ca   0x00000006   Code   RO         4417    i._ZN9Class_PID7Set_NowEf  pid.o
    0x080061d0   0x080061d0   0x000000b0   Code   RO         4620    i._ZN9Class_PIDC1Ev  move.o
    0x08006280   0x08006280   0x00000026   Code   RO         5707    i.__ARM_fpclassifyf  m_wm.l(fpclassifyf.o)
    0x080062a6   0x080062a6   0x00000024   Code   RO         5581    i.__aeabi_vec_ctor_nocookie_nodtor  cpprt_w.l(aeabi_vec_ctor_nocookie_nodtor.o)
    0x080062ca   0x080062ca   0x00000002   PAD
    0x080062cc   0x080062cc   0x00000118   Code   RO         5588    i.__hardfp_acosf    m_wm.l(acosf.o)
    0x080063e4   0x080063e4   0x00000250   Code   RO         5600    i.__hardfp_atan2f   m_wm.l(atan2f.o)
    0x08006634   0x08006634   0x00000150   Code   RO         5612    i.__hardfp_cosf     m_wm.l(cosf.o)
    0x08006784   0x08006784   0x00000190   Code   RO         5624    i.__hardfp_sinf     m_wm.l(sinf.o)
    0x08006914   0x08006914   0x00000006   Code   RO         5710    i.__mathlib_flt_infnan  m_wm.l(funder.o)
    0x0800691a   0x0800691a   0x00000006   Code   RO         5711    i.__mathlib_flt_infnan2  m_wm.l(funder.o)
    0x08006920   0x08006920   0x00000010   Code   RO         5712    i.__mathlib_flt_invalid  m_wm.l(funder.o)
    0x08006930   0x08006930   0x00000010   Code   RO         5715    i.__mathlib_flt_underflow  m_wm.l(funder.o)
    0x08006940   0x08006940   0x00000154   Code   RO         5723    i.__mathlib_rredf2  m_wm.l(rredf.o)
    0x08006a94   0x08006a94   0x00000010   Code   RO         4980    i.__sti___12_PID_Test_cpp_827dbcb2  pid_test.o
    0x08006aa4   0x08006aa4   0x00000010   Code   RO         4535    i.__sti___8_Move_cpp_eadff55d  move.o
    0x08006ab4   0x08006ab4   0x0000000e   Code   RO         5550    i._is_digit         c_w.l(__printf_wp.o)
    0x08006ac2   0x08006ac2   0x00000048   Code   RO           18    i.main              main.o
    0x08006b0a   0x08006b0a   0x0000003e   Code   RO         5728    i.sqrtf             m_wm.l(sqrtf.o)
    0x08006b48   0x08006b48   0x00000028   Code   RO         4158    t._Z14Math_ConstrainIfEvPT_S0_S0_  chassis.o
    0x08006b70   0x08006b70   0x00000014   Code   RO         4389    t._Z14Math_ConstrainIiEvPT_S0_S0_  motor.o
    0x08006b84   0x08006b84   0x0000001a   Code   RO         4510    t._Z8Math_AbsIfET_S0_  pid.o
    0x08006b9e   0x08006b9e   0x0000000e   Code   RO         4382    t._Z8Math_AbsIiET_S0_  motor.o
    0x08006bac   0x08006bac   0x0000000a   Code   RO         5804    x$fpl$fpinit        fz_wm.l(fpinit.o)
    0x08006bb6   0x08006bb6   0x00000000   Code   RO         5706    x$fpl$usenofp       fz_wm.l(usenofp.o)
    0x08006bb6   0x08006bb6   0x00000018   Data   RO         4081    .constdata          system_stm32f4xx.o
    0x08006bce   0x08006bce   0x00000002   PAD
    0x08006bd0   0x08006bd0   0x0000003c   Data   RO         4550    .constdata          move.o
    0x08006c0c   0x08006c0c   0x00000014   Data   RO         5162    .constdata          arm.o
    0x08006c20   0x08006c20   0x00000011   Data   RO         5553    .constdata          c_w.l(__printf_flags_wp.o)
    0x08006c31   0x08006c31   0x00000003   PAD
    0x08006c34   0x08006c34   0x00000020   Data   RO         5724    .constdata          m_wm.l(rredf.o)
    0x08006c54   0x08006c54   0x00000020   Data   RO         6025    Region$$Table       anon$$obj.o
    0x08006c74   0x08006c74   0x00000004   Data   RO         4552    .init_array         move.o
    0x08006c78   0x08006c74   0x00000004   Data   RO         4988    .init_array         pid_test.o
    0x08006c7c   0x08006c74   0x00000000   Data   RO         5576    .init_array         c_w.l(init_aeabi.o)


    Execution Region RW_IRAM1 (Exec base: 0x20000000, Load base: 0x08006c7c, Size: 0x00001520, Max: 0x0001c000, ABSOLUTE)

    Exec Addr    Load Addr    Size         Type   Attr      Idx    E Section Name        Object

    0x20000000   0x08006c7c   0x00000009   Data   RW         2257    .data               stm32f4xx_hal.o
    0x20000009   0x08006c85   0x00000003   PAD
    0x2000000c   0x08006c88   0x00000004   Data   RW         4082    .data               system_stm32f4xx.o
    0x20000010   0x08006c8c   0x00000004   Data   RW         4551    .data               move.o
    0x20000014   0x08006c90   0x00000014   Data   RW         4772    .data               community.o
    0x20000028   0x08006ca4   0x00000014   Data   RW         5163    .data               arm.o
    0x2000003c   0x08006cb8   0x00000004   Data   RW         5451    .data               busservo.o
    0x20000040   0x08006cbc   0x00000001   Data   RW         5493    .data               armtask.o
    0x20000041   0x08006cbd   0x00000003   PAD
    0x20000044        -       0x00000054   Zero   RW          228    .bss                i2c.o
    0x20000098        -       0x000001f8   Zero   RW          291    .bss                tim.o
    0x20000290        -       0x00000090   Zero   RW          383    .bss                usart.o
    0x20000320        -       0x0000054c   Zero   RW         4549    .bss                move.o
    0x2000086c        -       0x00000060   Zero   RW         4771    .bss                community.o
    0x200008cc        -       0x0000055c   Zero   RW         4985    .bss                pid_test.o
    0x20000e28        -       0x00000094   Zero   RW         5161    .bss                arm.o
    0x20000ebc        -       0x00000060   Zero   RW         5811    .bss                c_w.l(libspace.o)
    0x20000f1c   0x08006cbd   0x00000004   PAD
    0x20000f20        -       0x00000200   Zero   RW            2    HEAP                startup_stm32f407xx.o
    0x20001120        -       0x00000400   Zero   RW            1    STACK               startup_stm32f407xx.o


    Execution Region RW_IRAM2 (Exec base: 0x2001c000, Load base: 0x08006cc0, Size: 0x00000000, Max: 0x00004000, ABSOLUTE)

    **** No section assigned to this execution region ****


==============================================================================

Image component sizes


      Code (inc. data)   RO Data    RW Data    ZI Data      Debug   Object Name

      4204        510         20         20        148      34482   arm.o
       344        154          0          1          0       1353   armtask.o
       172         30          0          4          0       2100   busservo.o
      1416         62          0          0          0     629093   chassis.o
      1088        160          0         20         96      15665   community.o
       304         16          0          0          0       1275   gpio.o
       196         26          0          0         84       1849   i2c.o
       294         10          0          0          0     702595   main.o
      1064         24          0          0          0       8444   motor.o
      1958        346         64          4       1356     630892   move.o
       680         12          0          0          0       4667   pid.o
        16          6          4          0       1372       4592   pid_test.o
        64         26        392          0       1536        848   startup_stm32f407xx.o
       212         36          0          9          0       9613   stm32f4xx_hal.o
       312         22          0          0          0      34383   stm32f4xx_hal_cortex.o
       212          0          0          0          0       2143   stm32f4xx_hal_dma.o
       512         46          0          0          0       2300   stm32f4xx_hal_gpio.o
       464         18          0          0          0       2327   stm32f4xx_hal_i2c.o
        72          4          0          0          0       1038   stm32f4xx_hal_msp.o
      1820         84          0          0          0       5840   stm32f4xx_hal_rcc.o
      2762        142          0          0          0      18951   stm32f4xx_hal_tim.o
       300         30          0          0          0       3553   stm32f4xx_hal_tim_ex.o
      2398         14          0          0          0      12235   stm32f4xx_hal_uart.o
        82         18          0          0          0       5778   stm32f4xx_it.o
        20          6         24          4          0       1315   system_stm32f4xx.o
      1928        130          0          0        504       8068   tim.o
       380         38          0          0        144       2567   usart.o

    ----------------------------------------------------------------------
     23296       1970        538         68       5240    2147966   Object Totals
         0          0         32          0          0          0   (incl. Generated)
        22          0          2          6          0          0   (incl. Padding)

    ----------------------------------------------------------------------

      Code (inc. data)   RO Data    RW Data    ZI Data      Debug   Library Member Name

        56          6          0          0          0         88   __2snprintf.o
         8          0          0          0          0         68   __main.o
       312          4         17          0          0         92   __printf_flags_wp.o
        14          0          0          0          0         68   __printf_wp.o
         0          0          0          0          0          0   __rtentry.o
        12          0          0          0          0          0   __rtentry2.o
         6          0          0          0          0          0   __rtentry4.o
        52          8          0          0          0          0   __scatter.o
        26          0          0          0          0          0   __scatter_copy.o
        28          0          0          0          0          0   __scatter_zi.o
        48          6          0          0          0         96   _printf_char_common.o
       120         16          0          0          0         92   _printf_dec.o
       178          0          0          0          0         88   _printf_intcommon.o
        78          0          0          0          0        108   _printf_pad.o
         0          0          0          0          0          0   _printf_percent.o
         4          0          0          0          0          0   _printf_percent_end.o
         6          0          0          0          0          0   _printf_u.o
        22          0          0          0          0        100   _rserrno.o
        16          0          0          0          0         68   _snputc.o
        10          0          0          0          0         68   _sputc.o
        18          0          0          0          0         80   exit.o
         6          0          0          0          0        152   heapauxi.o
         0          0          0          0          0          0   indicate_semi.o
        36         10          0          0          0         80   init_aeabi.o
         2          0          0          0          0          0   libinit.o
        10          0          0          0          0          0   libinit2.o
         2          0          0          0          0          0   libshutdown.o
         2          0          0          0          0          0   libshutdown2.o
         8          4          0          0         96         68   libspace.o
       238          0          0          0          0        100   lludivv7m.o
         8          4          0          0          0         68   rt_errno_addr_intlibspace.o
        68          0          0          0          0         68   rt_memclr.o
        78          0          0          0          0         80   rt_memclr_w.o
       100          0          0          0          0         80   rt_memcpy_w.o
         2          0          0          0          0          0   rtexit.o
        10          0          0          0          0          0   rtexit2.o
        62          0          0          0          0         76   strlen.o
        12          4          0          0          0         68   sys_exit.o
        74          0          0          0          0         80   sys_stackheap_outer.o
         2          0          0          0          0         68   use_no_semi.o
        36          0          0          0          0         84   aeabi_vec_ctor_nocookie_nodtor.o
        10          0          0          0          0        116   fpinit.o
         0          0          0          0          0          0   usenofp.o
       280         46          0          0          0        176   acosf.o
       592         90          0          0          0        184   atan2f.o
       336         56          0          0          0        136   cosf.o
        38          0          0          0          0        116   fpclassifyf.o
        44         12          0          0          0        464   funder.o
       340         24         32          0          0        160   rredf.o
       400         56          0          0          0        212   sinf.o
        62          0          0          0          0        136   sqrtf.o

    ----------------------------------------------------------------------
      3886        346         52          0        100       3788   Library Totals
        14          0          3          0          4          0   (incl. Padding)

    ----------------------------------------------------------------------

      Code (inc. data)   RO Data    RW Data    ZI Data      Debug   Library Name

      1734         62         17          0         96       2004   c_w.l
        36          0          0          0          0         84   cpprt_w.l
        10          0          0          0          0        116   fz_wm.l
      2092        284         32          0          0       1584   m_wm.l

    ----------------------------------------------------------------------
      3886        346         52          0        100       3788   Library Totals

    ----------------------------------------------------------------------

==============================================================================


      Code (inc. data)   RO Data    RW Data    ZI Data      Debug   

     27182       2316        590         68       5340    2128662   Grand Totals
     27182       2316        590         68       5340    2128662   ELF Image Totals
     27182       2316        590         68          0          0   ROM Totals

==============================================================================

    Total RO  Size (Code + RO Data)                27772 (  27.12kB)
    Total RW  Size (RW Data + ZI Data)              5408 (   5.28kB)
    Total ROM Size (Code + RO Data + RW Data)      27840 (  27.19kB)

==============================================================================

